Archive member included to satisfy reference by file (symbol)

c:/st/stm32cubeide_1.7.0/stm32cubeide/plugins/com.st.stm32cube.ide.mcu.externaltools.gnu-tools-for-stm32.9-2020-q2-update.win32_2.0.0.202105311346/tools/bin/../lib/gcc/arm-none-eabi/9.3.1/../../../../arm-none-eabi/lib/thumb/v7e-m+fp/hard\libc_nano.a(lib_a-errno.o)
                              ./Core/Src/syscalls.o (__errno)
c:/st/stm32cubeide_1.7.0/stm32cubeide/plugins/com.st.stm32cube.ide.mcu.externaltools.gnu-tools-for-stm32.9-2020-q2-update.win32_2.0.0.202105311346/tools/bin/../lib/gcc/arm-none-eabi/9.3.1/../../../../arm-none-eabi/lib/thumb/v7e-m+fp/hard\libc_nano.a(lib_a-exit.o)
                              c:/st/stm32cubeide_1.7.0/stm32cubeide/plugins/com.st.stm32cube.ide.mcu.externaltools.gnu-tools-for-stm32.9-2020-q2-update.win32_2.0.0.202105311346/tools/bin/../lib/gcc/arm-none-eabi/9.3.1/../../../../arm-none-eabi/lib/thumb/v7e-m+fp/hard/crt0.o (exit)
c:/st/stm32cubeide_1.7.0/stm32cubeide/plugins/com.st.stm32cube.ide.mcu.externaltools.gnu-tools-for-stm32.9-2020-q2-update.win32_2.0.0.202105311346/tools/bin/../lib/gcc/arm-none-eabi/9.3.1/../../../../arm-none-eabi/lib/thumb/v7e-m+fp/hard\libc_nano.a(lib_a-impure.o)
                              c:/st/stm32cubeide_1.7.0/stm32cubeide/plugins/com.st.stm32cube.ide.mcu.externaltools.gnu-tools-for-stm32.9-2020-q2-update.win32_2.0.0.202105311346/tools/bin/../lib/gcc/arm-none-eabi/9.3.1/../../../../arm-none-eabi/lib/thumb/v7e-m+fp/hard\libc_nano.a(lib_a-exit.o) (_global_impure_ptr)
c:/st/stm32cubeide_1.7.0/stm32cubeide/plugins/com.st.stm32cube.ide.mcu.externaltools.gnu-tools-for-stm32.9-2020-q2-update.win32_2.0.0.202105311346/tools/bin/../lib/gcc/arm-none-eabi/9.3.1/../../../../arm-none-eabi/lib/thumb/v7e-m+fp/hard\libc_nano.a(lib_a-init.o)
                              c:/st/stm32cubeide_1.7.0/stm32cubeide/plugins/com.st.stm32cube.ide.mcu.externaltools.gnu-tools-for-stm32.9-2020-q2-update.win32_2.0.0.202105311346/tools/bin/../lib/gcc/arm-none-eabi/9.3.1/../../../../arm-none-eabi/lib/thumb/v7e-m+fp/hard/crt0.o (__libc_init_array)
c:/st/stm32cubeide_1.7.0/stm32cubeide/plugins/com.st.stm32cube.ide.mcu.externaltools.gnu-tools-for-stm32.9-2020-q2-update.win32_2.0.0.202105311346/tools/bin/../lib/gcc/arm-none-eabi/9.3.1/../../../../arm-none-eabi/lib/thumb/v7e-m+fp/hard\libc_nano.a(lib_a-memset.o)
                              c:/st/stm32cubeide_1.7.0/stm32cubeide/plugins/com.st.stm32cube.ide.mcu.externaltools.gnu-tools-for-stm32.9-2020-q2-update.win32_2.0.0.202105311346/tools/bin/../lib/gcc/arm-none-eabi/9.3.1/../../../../arm-none-eabi/lib/thumb/v7e-m+fp/hard/crt0.o (memset)

Allocating common symbols
Common symbol       size              file

pos                 0x4               ./Core/Src/main.o

Discarded input sections

 .text          0x0000000000000000        0x0 c:/st/stm32cubeide_1.7.0/stm32cubeide/plugins/com.st.stm32cube.ide.mcu.externaltools.gnu-tools-for-stm32.9-2020-q2-update.win32_2.0.0.202105311346/tools/bin/../lib/gcc/arm-none-eabi/9.3.1/thumb/v7e-m+fp/hard/crti.o
 .data          0x0000000000000000        0x0 c:/st/stm32cubeide_1.7.0/stm32cubeide/plugins/com.st.stm32cube.ide.mcu.externaltools.gnu-tools-for-stm32.9-2020-q2-update.win32_2.0.0.202105311346/tools/bin/../lib/gcc/arm-none-eabi/9.3.1/thumb/v7e-m+fp/hard/crti.o
 .bss           0x0000000000000000        0x0 c:/st/stm32cubeide_1.7.0/stm32cubeide/plugins/com.st.stm32cube.ide.mcu.externaltools.gnu-tools-for-stm32.9-2020-q2-update.win32_2.0.0.202105311346/tools/bin/../lib/gcc/arm-none-eabi/9.3.1/thumb/v7e-m+fp/hard/crti.o
 .data          0x0000000000000000        0x4 c:/st/stm32cubeide_1.7.0/stm32cubeide/plugins/com.st.stm32cube.ide.mcu.externaltools.gnu-tools-for-stm32.9-2020-q2-update.win32_2.0.0.202105311346/tools/bin/../lib/gcc/arm-none-eabi/9.3.1/thumb/v7e-m+fp/hard/crtbegin.o
 .text          0x0000000000000000       0x7c c:/st/stm32cubeide_1.7.0/stm32cubeide/plugins/com.st.stm32cube.ide.mcu.externaltools.gnu-tools-for-stm32.9-2020-q2-update.win32_2.0.0.202105311346/tools/bin/../lib/gcc/arm-none-eabi/9.3.1/../../../../arm-none-eabi/lib/thumb/v7e-m+fp/hard/crt0.o
 .data          0x0000000000000000        0x0 c:/st/stm32cubeide_1.7.0/stm32cubeide/plugins/com.st.stm32cube.ide.mcu.externaltools.gnu-tools-for-stm32.9-2020-q2-update.win32_2.0.0.202105311346/tools/bin/../lib/gcc/arm-none-eabi/9.3.1/../../../../arm-none-eabi/lib/thumb/v7e-m+fp/hard/crt0.o
 .bss           0x0000000000000000        0x0 c:/st/stm32cubeide_1.7.0/stm32cubeide/plugins/com.st.stm32cube.ide.mcu.externaltools.gnu-tools-for-stm32.9-2020-q2-update.win32_2.0.0.202105311346/tools/bin/../lib/gcc/arm-none-eabi/9.3.1/../../../../arm-none-eabi/lib/thumb/v7e-m+fp/hard/crt0.o
 .ARM.extab     0x0000000000000000        0x0 c:/st/stm32cubeide_1.7.0/stm32cubeide/plugins/com.st.stm32cube.ide.mcu.externaltools.gnu-tools-for-stm32.9-2020-q2-update.win32_2.0.0.202105311346/tools/bin/../lib/gcc/arm-none-eabi/9.3.1/../../../../arm-none-eabi/lib/thumb/v7e-m+fp/hard/crt0.o
[...]
Memory Configuration

Name             Origin             Length             Attributes
CCMRAM           0x0000000010000000 0x0000000000001000 xrw
RAM              0x0000000020000000 0x0000000000003000 xrw
FLASH            0x0000000008000000 0x0000000000010000 xr
*default*        0x0000000000000000 0xffffffffffffffff

Linker script and memory map

LOAD c:/st/stm32cubeide_1.7.0/stm32cubeide/plugins/com.st.stm32cube.ide.mcu.externaltools.gnu-tools-for-stm32.9-2020-q2-update.win32_2.0.0.202105311346/tools/bin/../lib/gcc/arm-none-eabi/9.3.1/thumb/v7e-m+fp/hard/crti.o
LOAD c:/st/stm32cubeide_1.7.0/stm32cubeide/plugins/com.st.stm32cube.ide.mcu.externaltools.gnu-tools-for-stm32.9-2020-q2-update.win32_2.0.0.202105311346/tools/bin/../lib/gcc/arm-none-eabi/9.3.1/thumb/v7e-m+fp/hard/crtbegin.o
LOAD c:/st/stm32cubeide_1.7.0/stm32cubeide/plugins/com.st.stm32cube.ide.mcu.externaltools.gnu-tools-for-stm32.9-2020-q2-update.win32_2.0.0.202105311346/tools/bin/../lib/gcc/arm-none-eabi/9.3.1/../../../../arm-none-eabi/lib/thumb/v7e-m+fp/hard/crt0.o
LOAD ./Core/Src/main.o
LOAD ./Core/Src/stm32f3xx_it.o
LOAD ./Core/Src/syscalls.o
LOAD ./Core/Src/sysmem.o
LOAD ./Core/Src/system_stm32f3xx.o
LOAD ./Core/Startup/startup_stm32f303k8tx.o
LOAD ./Drivers/STM32F3xx_HAL_Driver/Src/stm32f3xx_ll_dma.o
LOAD ./Drivers/STM32F3xx_HAL_Driver/Src/stm32f3xx_ll_exti.o
LOAD ./Drivers/STM32F3xx_HAL_Driver/Src/stm32f3xx_ll_gpio.o
LOAD ./Drivers/STM32F3xx_HAL_Driver/Src/stm32f3xx_ll_rcc.o
LOAD ./Drivers/STM32F3xx_HAL_Driver/Src/stm32f3xx_ll_tim.o
LOAD ./Drivers/STM32F3xx_HAL_Driver/Src/stm32f3xx_ll_utils.o
START GROUP
LOAD c:/st/stm32cubeide_1.7.0/stm32cubeide/plugins/com.st.stm32cube.ide.mcu.externaltools.gnu-tools-for-stm32.9-2020-q2-update.win32_2.0.0.202105311346/tools/bin/../lib/gcc/arm-none-eabi/9.3.1/../../../../arm-none-eabi/lib/thumb/v7e-m+fp/hard\libc_nano.a
LOAD c:/st/stm32cubeide_1.7.0/stm32cubeide/plugins/com.st.stm32cube.ide.mcu.externaltools.gnu-tools-for-stm32.9-2020-q2-update.win32_2.0.0.202105311346/tools/bin/../lib/gcc/arm-none-eabi/9.3.1/../../../../arm-none-eabi/lib/thumb/v7e-m+fp/hard\libm.a
END GROUP
START GROUP
LOAD c:/st/stm32cubeide_1.7.0/stm32cubeide/plugins/com.st.stm32cube.ide.mcu.externaltools.gnu-tools-for-stm32.9-2020-q2-update.win32_2.0.0.202105311346/tools/bin/../lib/gcc/arm-none-eabi/9.3.1/thumb/v7e-m+fp/hard\libgcc.a
LOAD c:/st/stm32cubeide_1.7.0/stm32cubeide/plugins/com.st.stm32cube.ide.mcu.externaltools.gnu-tools-for-stm32.9-2020-q2-update.win32_2.0.0.202105311346/tools/bin/../lib/gcc/arm-none-eabi/9.3.1/../../../../arm-none-eabi/lib/thumb/v7e-m+fp/hard\libc_nano.a
END GROUP
START GROUP
LOAD c:/st/stm32cubeide_1.7.0/stm32cubeide/plugins/com.st.stm32cube.ide.mcu.externaltools.gnu-tools-for-stm32.9-2020-q2-update.win32_2.0.0.202105311346/tools/bin/../lib/gcc/arm-none-eabi/9.3.1/thumb/v7e-m+fp/hard\libgcc.a
LOAD c:/st/stm32cubeide_1.7.0/stm32cubeide/plugins/com.st.stm32cube.ide.mcu.externaltools.gnu-tools-for-stm32.9-2020-q2-update.win32_2.0.0.202105311346/tools/bin/../lib/gcc/arm-none-eabi/9.3.1/../../../../arm-none-eabi/lib/thumb/v7e-m+fp/hard\libc_nano.a
LOAD c:/st/stm32cubeide_1.7.0/stm32cubeide/plugins/com.st.stm32cube.ide.mcu.externaltools.gnu-tools-for-stm32.9-2020-q2-update.win32_2.0.0.202105311346/tools/bin/../lib/gcc/arm-none-eabi/9.3.1/../../../../arm-none-eabi/lib/thumb/v7e-m+fp/hard\libnosys.a
END GROUP
START GROUP
LOAD c:/st/stm32cubeide_1.7.0/stm32cubeide/plugins/com.st.stm32cube.ide.mcu.externaltools.gnu-tools-for-stm32.9-2020-q2-update.win32_2.0.0.202105311346/tools/bin/../lib/gcc/arm-none-eabi/9.3.1/thumb/v7e-m+fp/hard\libgcc.a
LOAD c:/st/stm32cubeide_1.7.0/stm32cubeide/plugins/com.st.stm32cube.ide.mcu.externaltools.gnu-tools-for-stm32.9-2020-q2-update.win32_2.0.0.202105311346/tools/bin/../lib/gcc/arm-none-eabi/9.3.1/../../../../arm-none-eabi/lib/thumb/v7e-m+fp/hard\libc_nano.a
LOAD c:/st/stm32cubeide_1.7.0/stm32cubeide/plugins/com.st.stm32cube.ide.mcu.externaltools.gnu-tools-for-stm32.9-2020-q2-update.win32_2.0.0.202105311346/tools/bin/../lib/gcc/arm-none-eabi/9.3.1/../../../../arm-none-eabi/lib/thumb/v7e-m+fp/hard\libnosys.a
END GROUP
LOAD c:/st/stm32cubeide_1.7.0/stm32cubeide/plugins/com.st.stm32cube.ide.mcu.externaltools.gnu-tools-for-stm32.9-2020-q2-update.win32_2.0.0.202105311346/tools/bin/../lib/gcc/arm-none-eabi/9.3.1/thumb/v7e-m+fp/hard/crtend.o
LOAD c:/st/stm32cubeide_1.7.0/stm32cubeide/plugins/com.st.stm32cube.ide.mcu.externaltools.gnu-tools-for-stm32.9-2020-q2-update.win32_2.0.0.202105311346/tools/bin/../lib/gcc/arm-none-eabi/9.3.1/thumb/v7e-m+fp/hard/crtn.o
                0x0000000020003000                _estack = (ORIGIN (RAM) + LENGTH (RAM))
                0x0000000000000200                _Min_Heap_Size = 0x200
                0x0000000000000400                _Min_Stack_Size = 0x400

.isr_vector     0x0000000008000000      0x188
                0x0000000008000000                . = ALIGN (0x4)
 *(.isr_vector)
 .isr_vector    0x0000000008000000      0x188 ./Core/Startup/startup_stm32f303k8tx.o
                0x0000000008000000                g_pfnVectors
                0x0000000008000188                . = ALIGN (0x4)

.text           0x0000000008000188      0xff8
                0x0000000008000188                . = ALIGN (0x4)
 *(.text)
 .text          0x0000000008000188       0x40 c:/st/stm32cubeide_1.7.0/stm32cubeide/plugins/com.st.stm32cube.ide.mcu.externaltools.gnu-tools-for-stm32.9-2020-q2-update.win32_2.0.0.202105311346/tools/bin/../lib/gcc/arm-none-eabi/9.3.1/thumb/v7e-m+fp/hard/crtbegin.o
 *(.text*)
 .text.__NVIC_SetPriorityGrouping
                0x00000000080001c8       0x48 ./Core/Src/main.o
 .text.__NVIC_GetPriorityGrouping
                0x0000000008000210       0x1c ./Core/Src/main.o
 .text.__NVIC_EnableIRQ
                0x000000000800022c       0x3c ./Core/Src/main.o
 .text.__NVIC_SetPriority
                0x0000000008000268       0x54 ./Core/Src/main.o
 .text.NVIC_EncodePriority
                0x00000000080002bc       0x66 ./Core/Src/main.o
 *fill*         0x0000000008000322        0x2 
 .text.LL_RCC_HSI_Enable
                0x0000000008000324       0x20 ./Core/Src/main.o
 .text.LL_RCC_HSI_IsReady
                0x0000000008000344       0x24 ./Core/Src/main.o
 .text.LL_RCC_HSI_SetCalibTrimming
                0x0000000008000368       0x2c ./Core/Src/main.o
 .text.LL_RCC_SetSysClkSource
                0x0000000008000394       0x28 ./Core/Src/main.o
 .text.LL_RCC_GetSysClkSource
                0x00000000080003bc       0x1c ./Core/Src/main.o
 .text.LL_RCC_SetAHBPrescaler
                0x00000000080003d8       0x28 ./Core/Src/main.o
 .text.LL_RCC_SetAPB1Prescaler
                0x0000000008000400       0x28 ./Core/Src/main.o
 .text.LL_RCC_SetAPB2Prescaler
                0x0000000008000428       0x28 ./Core/Src/main.o
 .text.LL_AHB1_GRP1_EnableClock
                0x0000000008000450       0x30 ./Core/Src/main.o
 .text.LL_APB1_GRP1_EnableClock
                0x0000000008000480       0x30 ./Core/Src/main.o
 .text.LL_APB2_GRP1_EnableClock
                0x00000000080004b0       0x30 ./Core/Src/main.o
 .text.LL_FLASH_SetLatency
                0x00000000080004e0       0x28 ./Core/Src/main.o
 .text.LL_FLASH_GetLatency
                0x0000000008000508       0x1c ./Core/Src/main.o
 .text.LL_TIM_EnableCounter
                0x0000000008000524       0x20 ./Core/Src/main.o
 .text.LL_TIM_DisableARRPreload
                0x0000000008000544       0x20 ./Core/Src/main.o
 .text.LL_TIM_SetClockSource
                0x0000000008000564       0x2a ./Core/Src/main.o
 .text.LL_TIM_SetTriggerOutput
                0x000000000800058e       0x26 ./Core/Src/main.o
 .text.LL_TIM_DisableMasterSlaveMode
                0x00000000080005b4       0x20 ./Core/Src/main.o
 .text.LL_TIM_ClearFlag_UPDATE
                0x00000000080005d4       0x1c ./Core/Src/main.o
 .text.LL_TIM_IsActiveFlag_UPDATE
                0x00000000080005f0       0x26 ./Core/Src/main.o
 .text.LL_TIM_EnableIT_UPDATE
                0x0000000008000616       0x20 ./Core/Src/main.o
 .text.LL_GPIO_SetOutputPin
                0x0000000008000636       0x1c ./Core/Src/main.o
 .text.LL_GPIO_ResetOutputPin
                0x0000000008000652       0x1c ./Core/Src/main.o
 *fill*         0x000000000800066e        0x2 
 .text.resetSegments
                0x0000000008000670       0x5c ./Core/Src/main.o
                0x0000000008000670                resetSegments
 .text.resetDigits
                0x00000000080006cc       0x3a ./Core/Src/main.o
                0x00000000080006cc                resetDigits
 *fill*         0x0000000008000706        0x2 
 .text.decode_7seg
                0x0000000008000708       0x2c ./Core/Src/main.o
                0x0000000008000708                decode_7seg
 .text.display_symbol
                0x0000000008000734      0x14c ./Core/Src/main.o
                0x0000000008000734                display_symbol
 .text.main     0x0000000008000880       0xe0 ./Core/Src/main.o
                0x0000000008000880                main
 .text.SystemClock_Config
                0x0000000008000960       0x64 ./Core/Src/main.o
                0x0000000008000960                SystemClock_Config
 .text.MX_TIM2_Init
                0x00000000080009c4       0x84 ./Core/Src/main.o
 .text.MX_GPIO_Init
                0x0000000008000a48       0x88 ./Core/Src/main.o
 .text.updateDisplay
                0x0000000008000ad0       0x64 ./Core/Src/main.o
                0x0000000008000ad0                updateDisplay
 .text.TIM2_IRQHandler
                0x0000000008000b34       0x22 ./Core/Src/main.o
                0x0000000008000b34                TIM2_IRQHandler
 .text.NMI_Handler
                0x0000000008000b56        0x6 ./Core/Src/stm32f3xx_it.o
                0x0000000008000b56                NMI_Handler
 .text.HardFault_Handler
                0x0000000008000b5c        0x6 ./Core/Src/stm32f3xx_it.o
                0x0000000008000b5c                HardFault_Handler
 .text.MemManage_Handler
                0x0000000008000b62        0x6 ./Core/Src/stm32f3xx_it.o
                0x0000000008000b62                MemManage_Handler
 .text.BusFault_Handler
                0x0000000008000b68        0x6 ./Core/Src/stm32f3xx_it.o
                0x0000000008000b68                BusFault_Handler
 .text.UsageFault_Handler
                0x0000000008000b6e        0x6 ./Core/Src/stm32f3xx_it.o
                0x0000000008000b6e                UsageFault_Handler
 .text.SVC_Handler
                0x0000000008000b74        0xe ./Core/Src/stm32f3xx_it.o
                0x0000000008000b74                SVC_Handler
 .text.DebugMon_Handler
                0x0000000008000b82        0xe ./Core/Src/stm32f3xx_it.o
                0x0000000008000b82                DebugMon_Handler
 .text.PendSV_Handler
                0x0000000008000b90        0xe ./Core/Src/stm32f3xx_it.o
                0x0000000008000b90                PendSV_Handler
 .text.SysTick_Handler
                0x0000000008000b9e        0xe ./Core/Src/stm32f3xx_it.o
                0x0000000008000b9e                SysTick_Handler
 .text.SystemInit
                0x0000000008000bac       0x24 ./Core/Src/system_stm32f3xx.o
                0x0000000008000bac                SystemInit
 .text.Reset_Handler
                0x0000000008000bd0       0x50 ./Core/Startup/startup_stm32f303k8tx.o
                0x0000000008000bd0                Reset_Handler
 .text.Default_Handler
                0x0000000008000c20        0x2 ./Core/Startup/startup_stm32f303k8tx.o
                0x0000000008000c20                RTC_Alarm_IRQHandler
                0x0000000008000c20                TIM1_CC_IRQHandler
                0x0000000008000c20                PVD_IRQHandler
                0x0000000008000c20                TAMP_STAMP_IRQHandler
                0x0000000008000c20                EXTI3_IRQHandler
                0x0000000008000c20                EXTI0_IRQHandler
                0x0000000008000c20                FPU_IRQHandler
                0x0000000008000c20                CAN_TX_IRQHandler
                0x0000000008000c20                TIM1_UP_TIM16_IRQHandler
                0x0000000008000c20                ADC1_2_IRQHandler
                0x0000000008000c20                SPI1_IRQHandler
                0x0000000008000c20                CAN_SCE_IRQHandler
                0x0000000008000c20                DMA1_Channel4_IRQHandler
                0x0000000008000c20                USART3_IRQHandler
                0x0000000008000c20                DMA1_Channel7_IRQHandler
                0x0000000008000c20                TIM7_DAC2_IRQHandler
                0x0000000008000c20                CAN_RX1_IRQHandler
                0x0000000008000c20                I2C1_EV_IRQHandler
                0x0000000008000c20                DMA1_Channel6_IRQHandler
                0x0000000008000c20                TIM3_IRQHandler
                0x0000000008000c20                RCC_IRQHandler
                0x0000000008000c20                DMA1_Channel1_IRQHandler
                0x0000000008000c20                Default_Handler
                0x0000000008000c20                EXTI15_10_IRQHandler
                0x0000000008000c20                COMP2_IRQHandler
                0x0000000008000c20                TIM6_DAC1_IRQHandler
                0x0000000008000c20                EXTI9_5_IRQHandler
                0x0000000008000c20                RTC_WKUP_IRQHandler
                0x0000000008000c20                DMA1_Channel5_IRQHandler
                0x0000000008000c20                EXTI4_IRQHandler
                0x0000000008000c20                TIM1_TRG_COM_TIM17_IRQHandler
                0x0000000008000c20                DMA1_Channel3_IRQHandler
                0x0000000008000c20                WWDG_IRQHandler
                0x0000000008000c20                EXTI1_IRQHandler
                0x0000000008000c20                COMP4_6_IRQHandler
                0x0000000008000c20                USART2_IRQHandler
                0x0000000008000c20                DMA1_Channel2_IRQHandler
                0x0000000008000c20                FLASH_IRQHandler
                0x0000000008000c20                USART1_IRQHandler
                0x0000000008000c20                CAN_RX0_IRQHandler
                0x0000000008000c20                I2C1_ER_IRQHandler
                0x0000000008000c20                EXTI2_TSC_IRQHandler
                0x0000000008000c20                TIM1_BRK_TIM15_IRQHandler
 .text.LL_GPIO_SetPinMode
                0x0000000008000c22       0x5e ./Drivers/STM32F3xx_HAL_Driver/Src/stm32f3xx_ll_gpio.o
 .text.LL_GPIO_SetPinOutputType
                0x0000000008000c80       0x30 ./Drivers/STM32F3xx_HAL_Driver/Src/stm32f3xx_ll_gpio.o
 .text.LL_GPIO_SetPinSpeed
                0x0000000008000cb0       0x5e ./Drivers/STM32F3xx_HAL_Driver/Src/stm32f3xx_ll_gpio.o
 .text.LL_GPIO_SetPinPull
                0x0000000008000d0e       0x5e ./Drivers/STM32F3xx_HAL_Driver/Src/stm32f3xx_ll_gpio.o
 .text.LL_GPIO_SetAFPin_0_7
                0x0000000008000d6c       0x5e ./Drivers/STM32F3xx_HAL_Driver/Src/stm32f3xx_ll_gpio.o
 .text.LL_GPIO_SetAFPin_8_15
                0x0000000008000dca       0x62 ./Drivers/STM32F3xx_HAL_Driver/Src/stm32f3xx_ll_gpio.o
 .text.LL_GPIO_Init
                0x0000000008000e2c       0xe0 ./Drivers/STM32F3xx_HAL_Driver/Src/stm32f3xx_ll_gpio.o
                0x0000000008000e2c                LL_GPIO_Init
 .text.LL_TIM_SetPrescaler
                0x0000000008000f0c       0x1c ./Drivers/STM32F3xx_HAL_Driver/Src/stm32f3xx_ll_tim.o
 .text.LL_TIM_SetAutoReload
                0x0000000008000f28       0x1c ./Drivers/STM32F3xx_HAL_Driver/Src/stm32f3xx_ll_tim.o
 .text.LL_TIM_SetRepetitionCounter
                0x0000000008000f44       0x1c ./Drivers/STM32F3xx_HAL_Driver/Src/stm32f3xx_ll_tim.o
 .text.LL_TIM_GenerateEvent_UPDATE
                0x0000000008000f60       0x20 ./Drivers/STM32F3xx_HAL_Driver/Src/stm32f3xx_ll_tim.o
 .text.LL_TIM_Init
                0x0000000008000f80       0xe4 ./Drivers/STM32F3xx_HAL_Driver/Src/stm32f3xx_ll_tim.o
                0x0000000008000f80                LL_TIM_Init
 .text.LL_InitTick
                0x0000000008001064       0x34 ./Drivers/STM32F3xx_HAL_Driver/Src/stm32f3xx_ll_utils.o
 .text.LL_Init1msTick
                0x0000000008001098       0x1a ./Drivers/STM32F3xx_HAL_Driver/Src/stm32f3xx_ll_utils.o
                0x0000000008001098                LL_Init1msTick
 *fill*         0x00000000080010b2        0x2 
 .text.LL_mDelay
                0x00000000080010b4       0x4c ./Drivers/STM32F3xx_HAL_Driver/Src/stm32f3xx_ll_utils.o
                0x00000000080010b4                LL_mDelay
 .text.LL_SetSystemCoreClock
                0x0000000008001100       0x20 ./Drivers/STM32F3xx_HAL_Driver/Src/stm32f3xx_ll_utils.o
                0x0000000008001100                LL_SetSystemCoreClock
 .text.__libc_init_array
                0x0000000008001120       0x48 c:/st/stm32cubeide_1.7.0/stm32cubeide/plugins/com.st.stm32cube.ide.mcu.externaltools.gnu-tools-for-stm32.9-2020-q2-update.win32_2.0.0.202105311346/tools/bin/../lib/gcc/arm-none-eabi/9.3.1/../../../../arm-none-eabi/lib/thumb/v7e-m+fp/hard\libc_nano.a(lib_a-init.o)
                0x0000000008001120                __libc_init_array
 *(.glue_7)
 .glue_7        0x0000000008001168        0x0 linker stubs
 *(.glue_7t)
 .glue_7t       0x0000000008001168        0x0 linker stubs
 *(.eh_frame)
 .eh_frame      0x0000000008001168        0x0 c:/st/stm32cubeide_1.7.0/stm32cubeide/plugins/com.st.stm32cube.ide.mcu.externaltools.gnu-tools-for-stm32.9-2020-q2-update.win32_2.0.0.202105311346/tools/bin/../lib/gcc/arm-none-eabi/9.3.1/thumb/v7e-m+fp/hard/crtbegin.o
 *(.init)
 .init          0x0000000008001168        0x4 c:/st/stm32cubeide_1.7.0/stm32cubeide/plugins/com.st.stm32cube.ide.mcu.externaltools.gnu-tools-for-stm32.9-2020-q2-update.win32_2.0.0.202105311346/tools/bin/../lib/gcc/arm-none-eabi/9.3.1/thumb/v7e-m+fp/hard/crti.o
                0x0000000008001168                _init
 .init          0x000000000800116c        0x8 c:/st/stm32cubeide_1.7.0/stm32cubeide/plugins/com.st.stm32cube.ide.mcu.externaltools.gnu-tools-for-stm32.9-2020-q2-update.win32_2.0.0.202105311346/tools/bin/../lib/gcc/arm-none-eabi/9.3.1/thumb/v7e-m+fp/hard/crtn.o
 *(.fini)
 .fini          0x0000000008001174        0x4 c:/st/stm32cubeide_1.7.0/stm32cubeide/plugins/com.st.stm32cube.ide.mcu.externaltools.gnu-tools-for-stm32.9-2020-q2-update.win32_2.0.0.202105311346/tools/bin/../lib/gcc/arm-none-eabi/9.3.1/thumb/v7e-m+fp/hard/crti.o
                0x0000000008001174                _fini
 .fini          0x0000000008001178        0x8 c:/st/stm32cubeide_1.7.0/stm32cubeide/plugins/com.st.stm32cube.ide.mcu.externaltools.gnu-tools-for-stm32.9-2020-q2-update.win32_2.0.0.202105311346/tools/bin/../lib/gcc/arm-none-eabi/9.3.1/thumb/v7e-m+fp/hard/crtn.o
                0x0000000008001180                . = ALIGN (0x4)
                0x0000000008001180                _etext = .

.vfp11_veneer   0x0000000008001180        0x0
 .vfp11_veneer  0x0000000008001180        0x0 linker stubs

.v4_bx          0x0000000008001180        0x0
 .v4_bx         0x0000000008001180        0x0 linker stubs

.iplt           0x0000000008001180        0x0
 .iplt          0x0000000008001180        0x0 c:/st/stm32cubeide_1.7.0/stm32cubeide/plugins/com.st.stm32cube.ide.mcu.externaltools.gnu-tools-for-stm32.9-2020-q2-update.win32_2.0.0.202105311346/tools/bin/../lib/gcc/arm-none-eabi/9.3.1/thumb/v7e-m+fp/hard/crtbegin.o

.rodata         0x0000000008001180       0x64
                0x0000000008001180                . = ALIGN (0x4)
 *(.rodata)
 *(.rodata*)
 .rodata.seven_seg_digits_decode_abcdefg
                0x0000000008001180       0x4b ./Core/Src/main.o
                0x0000000008001180                seven_seg_digits_decode_abcdefg
 *fill*         0x00000000080011cb        0x1 
 .rodata.retazec
                0x00000000080011cc       0x16 ./Core/Src/main.o
                0x00000000080011cc                retazec
                0x00000000080011e4                . = ALIGN (0x4)
 *fill*         0x00000000080011e2        0x2 

.rel.dyn        0x00000000080011e4        0x0
 .rel.iplt      0x00000000080011e4        0x0 c:/st/stm32cubeide_1.7.0/stm32cubeide/plugins/com.st.stm32cube.ide.mcu.externaltools.gnu-tools-for-stm32.9-2020-q2-update.win32_2.0.0.202105311346/tools/bin/../lib/gcc/arm-none-eabi/9.3.1/thumb/v7e-m+fp/hard/crtbegin.o

.ARM.extab      0x00000000080011e4        0x0
                0x00000000080011e4                . = ALIGN (0x4)
 *(.ARM.extab* .gnu.linkonce.armextab.*)
                0x00000000080011e4                . = ALIGN (0x4)

.ARM            0x00000000080011e4        0x0
                0x00000000080011e4                . = ALIGN (0x4)
                0x00000000080011e4                __exidx_start = .
 *(.ARM.exidx*)
                0x00000000080011e4                __exidx_end = .
                0x00000000080011e4                . = ALIGN (0x4)

.preinit_array  0x00000000080011e4        0x0
                0x00000000080011e4                . = ALIGN (0x4)
                0x00000000080011e4                PROVIDE (__preinit_array_start = .)
 *(.preinit_array*)
                0x00000000080011e4                PROVIDE (__preinit_array_end = .)
                0x00000000080011e4                . = ALIGN (0x4)

.init_array     0x00000000080011e4        0x4
                0x00000000080011e4                . = ALIGN (0x4)
                0x00000000080011e4                PROVIDE (__init_array_start = .)
 *(SORT_BY_NAME(.init_array.*))
 *(.init_array*)
 .init_array    0x00000000080011e4        0x4 c:/st/stm32cubeide_1.7.0/stm32cubeide/plugins/com.st.stm32cube.ide.mcu.externaltools.gnu-tools-for-stm32.9-2020-q2-update.win32_2.0.0.202105311346/tools/bin/../lib/gcc/arm-none-eabi/9.3.1/thumb/v7e-m+fp/hard/crtbegin.o
                0x00000000080011e8                PROVIDE (__init_array_end = .)
                0x00000000080011e8                . = ALIGN (0x4)

.fini_array     0x00000000080011e8        0x4
                0x00000000080011e8                . = ALIGN (0x4)
                [!provide]                        PROVIDE (__fini_array_start = .)
 *(SORT_BY_NAME(.fini_array.*))
 *(.fini_array*)
 .fini_array    0x00000000080011e8        0x4 c:/st/stm32cubeide_1.7.0/stm32cubeide/plugins/com.st.stm32cube.ide.mcu.externaltools.gnu-tools-for-stm32.9-2020-q2-update.win32_2.0.0.202105311346/tools/bin/../lib/gcc/arm-none-eabi/9.3.1/thumb/v7e-m+fp/hard/crtbegin.o
                [!provide]                        PROVIDE (__fini_array_end = .)
                0x00000000080011ec                . = ALIGN (0x4)
                0x00000000080011ec                _sidata = LOADADDR (.data)

.data           0x0000000020000000        0x4 load address 0x00000000080011ec
                0x0000000020000000                . = ALIGN (0x4)
                0x0000000020000000                _sdata = .
 *(.data)
 *(.data*)
 .data.SystemCoreClock
                0x0000000020000000        0x4 ./Core/Src/system_stm32f3xx.o
                0x0000000020000000                SystemCoreClock
 *(.RamFunc)
 *(.RamFunc*)
                0x0000000020000004                . = ALIGN (0x4)
                0x0000000020000004                _edata = .
                0x00000000080011f0                _siccmram = LOADADDR (.ccmram)

.igot.plt       0x0000000020000004        0x0 load address 0x00000000080011f0
 .igot.plt      0x0000000020000004        0x0 c:/st/stm32cubeide_1.7.0/stm32cubeide/plugins/com.st.stm32cube.ide.mcu.externaltools.gnu-tools-for-stm32.9-2020-q2-update.win32_2.0.0.202105311346/tools/bin/../lib/gcc/arm-none-eabi/9.3.1/thumb/v7e-m+fp/hard/crtbegin.o

.ccmram         0x0000000010000000        0x0 load address 0x00000000080011f0
                0x0000000010000000                . = ALIGN (0x4)
                0x0000000010000000                _sccmram = .
 *(.ccmram)
 *(.ccmram*)
                0x0000000010000000                . = ALIGN (0x4)
                0x0000000010000000                _eccmram = .
                0x0000000010000000                . = ALIGN (0x4)

.bss            0x0000000020000004       0x28
                0x0000000020000004                _sbss = .
                0x0000000020000004                __bss_start__ = _sbss
 *(.bss)
 .bss           0x0000000020000004       0x1c c:/st/stm32cubeide_1.7.0/stm32cubeide/plugins/com.st.stm32cube.ide.mcu.externaltools.gnu-tools-for-stm32.9-2020-q2-update.win32_2.0.0.202105311346/tools/bin/../lib/gcc/arm-none-eabi/9.3.1/thumb/v7e-m+fp/hard/crtbegin.o
 *(.bss*)
 .bss.orientation
                0x0000000020000020        0x4 ./Core/Src/main.o
                0x0000000020000020                orientation
 .bss.digit     0x0000000020000024        0x4 ./Core/Src/main.o
                0x0000000020000024                digit
 *(COMMON)
 COMMON         0x0000000020000028        0x4 ./Core/Src/main.o
                0x0000000020000028                pos
                0x000000002000002c                . = ALIGN (0x4)
                0x000000002000002c                _ebss = .
                0x000000002000002c                __bss_end__ = _ebss

._user_heap_stack
                0x000000002000002c      0x604
                0x0000000020000030                . = ALIGN (0x8)
 *fill*         0x000000002000002c        0x4 
                [!provide]                        PROVIDE (end = .)
                0x0000000020000030                PROVIDE (_end = .)
                0x0000000020000230                . = (. + _Min_Heap_Size)
 *fill*         0x0000000020000030      0x200 
                0x0000000020000630                . = (. + _Min_Stack_Size)
 *fill*         0x0000000020000230      0x400 
                0x0000000020000630                . = ALIGN (0x8)

/DISCARD/
 libc.a(*)
 libm.a(*)
 libgcc.a(*)

.ARM.attributes
                0x0000000000000000       0x30
 *(.ARM.attributes)
 .ARM.attributes
                0x0000000000000000       0x1e c:/st/stm32cubeide_1.7.0/stm32cubeide/plugins/com.st.stm32cube.ide.mcu.externaltools.gnu-tools-for-stm32.9-2020-q2-update.win32_2.0.0.202105311346/tools/bin/../lib/gcc/arm-none-eabi/9.3.1/thumb/v7e-m+fp/hard/crti.o
 .ARM.attributes
                0x000000000000001e       0x34 c:/st/stm32cubeide_1.7.0/stm32cubeide/plugins/com.st.stm32cube.ide.mcu.externaltools.gnu-tools-for-stm32.9-2020-q2-update.win32_2.0.0.202105311346/tools/bin/../lib/gcc/arm-none-eabi/9.3.1/thumb/v7e-m+fp/hard/crtbegin.o
 .ARM.attributes
                0x0000000000000052       0x34 ./Core/Src/main.o
 .ARM.attributes
                0x0000000000000086       0x34 ./Core/Src/stm32f3xx_it.o
 .ARM.attributes
                0x00000000000000ba       0x34 ./Core/Src/system_stm32f3xx.o
 .ARM.attributes
                0x00000000000000ee       0x21 ./Core/Startup/startup_stm32f303k8tx.o
 .ARM.attributes
                0x000000000000010f       0x34 ./Drivers/STM32F3xx_HAL_Driver/Src/stm32f3xx_ll_gpio.o
 .ARM.attributes
                0x0000000000000143       0x34 ./Drivers/STM32F3xx_HAL_Driver/Src/stm32f3xx_ll_tim.o
 .ARM.attributes
                0x0000000000000177       0x34 ./Drivers/STM32F3xx_HAL_Driver/Src/stm32f3xx_ll_utils.o
 .ARM.attributes
                0x00000000000001ab       0x34 c:/st/stm32cubeide_1.7.0/stm32cubeide/plugins/com.st.stm32cube.ide.mcu.externaltools.gnu-tools-for-stm32.9-2020-q2-update.win32_2.0.0.202105311346/tools/bin/../lib/gcc/arm-none-eabi/9.3.1/../../../../arm-none-eabi/lib/thumb/v7e-m+fp/hard\libc_nano.a(lib_a-init.o)
 .ARM.attributes
                0x00000000000001df       0x1e c:/st/stm32cubeide_1.7.0/stm32cubeide/plugins/com.st.stm32cube.ide.mcu.externaltools.gnu-tools-for-stm32.9-2020-q2-update.win32_2.0.0.202105311346/tools/bin/../lib/gcc/arm-none-eabi/9.3.1/thumb/v7e-m+fp/hard/crtn.o
OUTPUT(vrs_zadanie7.elf elf32-littlearm)
LOAD linker stubs
LOAD c:/st/stm32cubeide_1.7.0/stm32cubeide/plugins/com.st.stm32cube.ide.mcu.externaltools.gnu-tools-for-stm32.9-2020-q2-update.win32_2.0.0.202105311346/tools/bin/../lib/gcc/arm-none-eabi/9.3.1/../../../../arm-none-eabi/lib/thumb/v7e-m+fp/hard\libc.a
LOAD c:/st/stm32cubeide_1.7.0/stm32cubeide/plugins/com.st.stm32cube.ide.mcu.externaltools.gnu-tools-for-stm32.9-2020-q2-update.win32_2.0.0.202105311346/tools/bin/../lib/gcc/arm-none-eabi/9.3.1/../../../../arm-none-eabi/lib/thumb/v7e-m+fp/hard\libm.a
LOAD c:/st/stm32cubeide_1.7.0/stm32cubeide/plugins/com.st.stm32cube.ide.mcu.externaltools.gnu-tools-for-stm32.9-2020-q2-update.win32_2.0.0.202105311346/tools/bin/../lib/gcc/arm-none-eabi/9.3.1/thumb/v7e-m+fp/hard\libgcc.a

.debug_info     0x0000000000000000     0x3978
 .debug_info    0x0000000000000000     0x11d3 ./Core/Src/main.o
 .debug_info    0x00000000000011d3      0x255 ./Core/Src/stm32f3xx_it.o
 .debug_info    0x0000000000001428      0x439 ./Core/Src/system_stm32f3xx.o
 .debug_info    0x0000000000001861       0x22 ./Core/Startup/startup_stm32f303k8tx.o
 .debug_info    0x0000000000001883      0x7ce ./Drivers/STM32F3xx_HAL_Driver/Src/stm32f3xx_ll_gpio.o
 .debug_info    0x0000000000002051     0x1092 ./Drivers/STM32F3xx_HAL_Driver/Src/stm32f3xx_ll_tim.o
 .debug_info    0x00000000000030e3      0x895 ./Drivers/STM32F3xx_HAL_Driver/Src/stm32f3xx_ll_utils.o

.debug_abbrev   0x0000000000000000      0xc73
 .debug_abbrev  0x0000000000000000      0x363 ./Core/Src/main.o
 .debug_abbrev  0x0000000000000363       0xad ./Core/Src/stm32f3xx_it.o
 .debug_abbrev  0x0000000000000410      0x129 ./Core/Src/system_stm32f3xx.o
 .debug_abbrev  0x0000000000000539       0x12 ./Core/Startup/startup_stm32f303k8tx.o
 .debug_abbrev  0x000000000000054b      0x23b ./Drivers/STM32F3xx_HAL_Driver/Src/stm32f3xx_ll_gpio.o
 .debug_abbrev  0x0000000000000786      0x22b ./Drivers/STM32F3xx_HAL_Driver/Src/stm32f3xx_ll_tim.o
 .debug_abbrev  0x00000000000009b1      0x2c2 ./Drivers/STM32F3xx_HAL_Driver/Src/stm32f3xx_ll_utils.o

.debug_aranges  0x0000000000000000      0x4a8
 .debug_aranges
                0x0000000000000000      0x150 ./Core/Src/main.o
 .debug_aranges
                0x0000000000000150       0x60 ./Core/Src/stm32f3xx_it.o
 .debug_aranges
                0x00000000000001b0       0x28 ./Core/Src/system_stm32f3xx.o
 .debug_aranges
                0x00000000000001d8       0x28 ./Core/Startup/startup_stm32f303k8tx.o
 .debug_aranges
                0x0000000000000200       0x70 ./Drivers/STM32F3xx_HAL_Driver/Src/stm32f3xx_ll_gpio.o
 .debug_aranges
                0x0000000000000270      0x148 ./Drivers/STM32F3xx_HAL_Driver/Src/stm32f3xx_ll_tim.o
 .debug_aranges
                0x00000000000003b8       0xf0 ./Drivers/STM32F3xx_HAL_Driver/Src/stm32f3xx_ll_utils.o

.debug_ranges   0x0000000000000000      0x440
 .debug_ranges  0x0000000000000000      0x140 ./Core/Src/main.o
 .debug_ranges  0x0000000000000140       0x50 ./Core/Src/stm32f3xx_it.o
 .debug_ranges  0x0000000000000190       0x18 ./Core/Src/system_stm32f3xx.o
 .debug_ranges  0x00000000000001a8       0x20 ./Core/Startup/startup_stm32f303k8tx.o
 .debug_ranges  0x00000000000001c8       0x60 ./Drivers/STM32F3xx_HAL_Driver/Src/stm32f3xx_ll_gpio.o
 .debug_ranges  0x0000000000000228      0x138 ./Drivers/STM32F3xx_HAL_Driver/Src/stm32f3xx_ll_tim.o
 .debug_ranges  0x0000000000000360       0xe0 ./Drivers/STM32F3xx_HAL_Driver/Src/stm32f3xx_ll_utils.o

.debug_macro    0x0000000000000000    0x152cf
 .debug_macro   0x0000000000000000      0x12c ./Core/Src/main.o
 .debug_macro   0x000000000000012c      0xade ./Core/Src/main.o
 .debug_macro   0x0000000000000c0a       0x2e ./Core/Src/main.o
 .debug_macro   0x0000000000000c38       0x28 ./Core/Src/main.o
 .debug_macro   0x0000000000000c60       0x22 ./Core/Src/main.o
 .debug_macro   0x0000000000000c82       0x8e ./Core/Src/main.o
 .debug_macro   0x0000000000000d10       0x51 ./Core/Src/main.o
 .debug_macro   0x0000000000000d61      0x103 ./Core/Src/main.o
 .debug_macro   0x0000000000000e64       0x6a ./Core/Src/main.o
 .debug_macro   0x0000000000000ece      0x1df ./Core/Src/main.o
 .debug_macro   0x00000000000010ad       0x1c ./Core/Src/main.o
 .debug_macro   0x00000000000010c9       0x22 ./Core/Src/main.o
 .debug_macro   0x00000000000010eb       0xdf ./Core/Src/main.o
 .debug_macro   0x00000000000011ca      0xf07 ./Core/Src/main.o
 .debug_macro   0x00000000000020d1    0x10be0 ./Core/Src/main.o
 .debug_macro   0x0000000000012cb1       0x6d ./Core/Src/main.o
 .debug_macro   0x0000000000012d1e      0x4bc ./Core/Src/main.o
 .debug_macro   0x00000000000131da       0xe1 ./Core/Src/main.o
 .debug_macro   0x00000000000132bb      0x29f ./Core/Src/main.o
 .debug_macro   0x000000000001355a       0xfe ./Core/Src/main.o
 .debug_macro   0x0000000000013658       0x28 ./Core/Src/main.o
 .debug_macro   0x0000000000013680       0x30 ./Core/Src/main.o
 .debug_macro   0x00000000000136b0       0xa8 ./Core/Src/main.o
 .debug_macro   0x0000000000013758      0x287 ./Core/Src/main.o
 .debug_macro   0x00000000000139df      0x803 ./Core/Src/main.o
 .debug_macro   0x00000000000141e2      0x142 ./Core/Src/main.o
 .debug_macro   0x0000000000014324       0xdc ./Core/Src/main.o
 .debug_macro   0x0000000000014400      0x136 ./Core/Src/stm32f3xx_it.o
 .debug_macro   0x0000000000014536       0xbd ./Core/Src/system_stm32f3xx.o
 .debug_macro   0x00000000000145f3       0xff ./Drivers/STM32F3xx_HAL_Driver/Src/stm32f3xx_ll_gpio.o
 .debug_macro   0x00000000000146f2      0x13c ./Drivers/STM32F3xx_HAL_Driver/Src/stm32f3xx_ll_gpio.o
 .debug_macro   0x000000000001482e      0x169 ./Drivers/STM32F3xx_HAL_Driver/Src/stm32f3xx_ll_tim.o
 .debug_macro   0x0000000000014997      0x7fd ./Drivers/STM32F3xx_HAL_Driver/Src/stm32f3xx_ll_tim.o
 .debug_macro   0x0000000000015194      0x13b ./Drivers/STM32F3xx_HAL_Driver/Src/stm32f3xx_ll_utils.o

.debug_line     0x0000000000000000     0x333b
 .debug_line    0x0000000000000000      0xbb8 ./Core/Src/main.o
 .debug_line    0x0000000000000bb8      0x635 ./Core/Src/stm32f3xx_it.o
 .debug_line    0x00000000000011ed      0x4d8 ./Core/Src/system_stm32f3xx.o
 .debug_line    0x00000000000016c5       0x88 ./Core/Startup/startup_stm32f303k8tx.o
 .debug_line    0x000000000000174d      0x73a ./Drivers/STM32F3xx_HAL_Driver/Src/stm32f3xx_ll_gpio.o
 .debug_line    0x0000000000001e87      0xba1 ./Drivers/STM32F3xx_HAL_Driver/Src/stm32f3xx_ll_tim.o
 .debug_line    0x0000000000002a28      0x913 ./Drivers/STM32F3xx_HAL_Driver/Src/stm32f3xx_ll_utils.o

.debug_str      0x0000000000000000    0x73a16
 .debug_str     0x0000000000000000    0x708f3 ./Core/Src/main.o
                                      0x70bf2 (size before relaxing)
 .debug_str     0x00000000000708f3       0xbd ./Core/Src/stm32f3xx_it.o
                                      0x702bc (size before relaxing)
 .debug_str     0x00000000000709b0       0x5f ./Core/Src/system_stm32f3xx.o
                                      0x656fc (size before relaxing)
 .debug_str     0x0000000000070a0f       0x36 ./Core/Startup/startup_stm32f303k8tx.o
                                         0x5d (size before relaxing)
 .debug_str     0x0000000000070a45      0x673 ./Drivers/STM32F3xx_HAL_Driver/Src/stm32f3xx_ll_gpio.o
                                      0x66a5f (size before relaxing)
 .debug_str     0x00000000000710b8     0x1c3e ./Drivers/STM32F3xx_HAL_Driver/Src/stm32f3xx_ll_tim.o
                                      0x6b9af (size before relaxing)
 .debug_str     0x0000000000072cf6      0xd20 ./Drivers/STM32F3xx_HAL_Driver/Src/stm32f3xx_ll_utils.o
                                      0x6a731 (size before relaxing)

.comment        0x0000000000000000       0x53
 .comment       0x0000000000000000       0x53 ./Core/Src/main.o
                                         0x54 (size before relaxing)
 .comment       0x0000000000000053       0x54 ./Core/Src/stm32f3xx_it.o
 .comment       0x0000000000000053       0x54 ./Core/Src/system_stm32f3xx.o
 .comment       0x0000000000000053       0x54 ./Drivers/STM32F3xx_HAL_Driver/Src/stm32f3xx_ll_gpio.o
 .comment       0x0000000000000053       0x54 ./Drivers/STM32F3xx_HAL_Driver/Src/stm32f3xx_ll_tim.o
 .comment       0x0000000000000053       0x54 ./Drivers/STM32F3xx_HAL_Driver/Src/stm32f3xx_ll_utils.o

.debug_frame    0x0000000000000000     0x12a0
 .debug_frame   0x0000000000000000      0x5a8 ./Core/Src/main.o
 .debug_frame   0x00000000000005a8      0x108 ./Core/Src/stm32f3xx_it.o
 .debug_frame   0x00000000000006b0       0x58 ./Core/Src/system_stm32f3xx.o
 .debug_frame   0x0000000000000708      0x1c0 ./Drivers/STM32F3xx_HAL_Driver/Src/stm32f3xx_ll_gpio.o
 .debug_frame   0x00000000000008c8      0x5d0 ./Drivers/STM32F3xx_HAL_Driver/Src/stm32f3xx_ll_tim.o
 .debug_frame   0x0000000000000e98      0x3dc ./Drivers/STM32F3xx_HAL_Driver/Src/stm32f3xx_ll_utils.o
 .debug_frame   0x0000000000001274       0x2c c:/st/stm32cubeide_1.7.0/stm32cubeide/plugins/com.st.stm32cube.ide.mcu.externaltools.gnu-tools-for-stm32.9-2020-q2-update.win32_2.0.0.202105311346/tools/bin/../lib/gcc/arm-none-eabi/9.3.1/../../../../arm-none-eabi/lib/thumb/v7e-m+fp/hard\libc_nano.a(lib_a-init.o)
