Archive member included to satisfy reference by file (symbol)

c:/st/stm32cubeide_1.7.0/stm32cubeide/plugins/com.st.stm32cube.ide.mcu.externaltools.gnu-tools-for-stm32.9-2020-q2-update.win32_2.0.0.202105311346/tools/bin/../lib/gcc/arm-none-eabi/9.3.1/../../../../arm-none-eabi/lib/thumb/v7e-m+fp/hard\libc_nano.a(lib_a-errno.o)
                              ./Core/Src/syscalls.o (__errno)
c:/st/stm32cubeide_1.7.0/stm32cubeide/plugins/com.st.stm32cube.ide.mcu.externaltools.gnu-tools-for-stm32.9-2020-q2-update.win32_2.0.0.202105311346/tools/bin/../lib/gcc/arm-none-eabi/9.3.1/../../../../arm-none-eabi/lib/thumb/v7e-m+fp/hard\libc_nano.a(lib_a-exit.o)
                              c:/st/stm32cubeide_1.7.0/stm32cubeide/plugins/com.st.stm32cube.ide.mcu.externaltools.gnu-tools-for-stm32.9-2020-q2-update.win32_2.0.0.202105311346/tools/bin/../lib/gcc/arm-none-eabi/9.3.1/../../../../arm-none-eabi/lib/thumb/v7e-m+fp/hard/crt0.o (exit)
c:/st/stm32cubeide_1.7.0/stm32cubeide/plugins/com.st.stm32cube.ide.mcu.externaltools.gnu-tools-for-stm32.9-2020-q2-update.win32_2.0.0.202105311346/tools/bin/../lib/gcc/arm-none-eabi/9.3.1/../../../../arm-none-eabi/lib/thumb/v7e-m+fp/hard\libc_nano.a(lib_a-impure.o)
                              c:/st/stm32cubeide_1.7.0/stm32cubeide/plugins/com.st.stm32cube.ide.mcu.externaltools.gnu-tools-for-stm32.9-2020-q2-update.win32_2.0.0.202105311346/tools/bin/../lib/gcc/arm-none-eabi/9.3.1/../../../../arm-none-eabi/lib/thumb/v7e-m+fp/hard\libc_nano.a(lib_a-exit.o) (_global_impure_ptr)
c:/st/stm32cubeide_1.7.0/stm32cubeide/plugins/com.st.stm32cube.ide.mcu.externaltools.gnu-tools-for-stm32.9-2020-q2-update.win32_2.0.0.202105311346/tools/bin/../lib/gcc/arm-none-eabi/9.3.1/../../../../arm-none-eabi/lib/thumb/v7e-m+fp/hard\libc_nano.a(lib_a-init.o)
                              c:/st/stm32cubeide_1.7.0/stm32cubeide/plugins/com.st.stm32cube.ide.mcu.externaltools.gnu-tools-for-stm32.9-2020-q2-update.win32_2.0.0.202105311346/tools/bin/../lib/gcc/arm-none-eabi/9.3.1/../../../../arm-none-eabi/lib/thumb/v7e-m+fp/hard/crt0.o (__libc_init_array)
c:/st/stm32cubeide_1.7.0/stm32cubeide/plugins/com.st.stm32cube.ide.mcu.externaltools.gnu-tools-for-stm32.9-2020-q2-update.win32_2.0.0.202105311346/tools/bin/../lib/gcc/arm-none-eabi/9.3.1/../../../../arm-none-eabi/lib/thumb/v7e-m+fp/hard\libc_nano.a(lib_a-memset.o)
                              c:/st/stm32cubeide_1.7.0/stm32cubeide/plugins/com.st.stm32cube.ide.mcu.externaltools.gnu-tools-for-stm32.9-2020-q2-update.win32_2.0.0.202105311346/tools/bin/../lib/gcc/arm-none-eabi/9.3.1/../../../../arm-none-eabi/lib/thumb/v7e-m+fp/hard/crt0.o (memset)
c:/st/stm32cubeide_1.7.0/stm32cubeide/plugins/com.st.stm32cube.ide.mcu.externaltools.gnu-tools-for-stm32.9-2020-q2-update.win32_2.0.0.202105311346/tools/bin/../lib/gcc/arm-none-eabi/9.3.1/../../../../arm-none-eabi/lib/thumb/v7e-m+fp/hard\libm.a(lib_a-w_pow.o)
                              ./Core/LPS25HB/LPS25HB.o (pow)
c:/st/stm32cubeide_1.7.0/stm32cubeide/plugins/com.st.stm32cube.ide.mcu.externaltools.gnu-tools-for-stm32.9-2020-q2-update.win32_2.0.0.202105311346/tools/bin/../lib/gcc/arm-none-eabi/9.3.1/../../../../arm-none-eabi/lib/thumb/v7e-m+fp/hard\libm.a(lib_a-e_pow.o)
                              c:/st/stm32cubeide_1.7.0/stm32cubeide/plugins/com.st.stm32cube.ide.mcu.externaltools.gnu-tools-for-stm32.9-2020-q2-update.win32_2.0.0.202105311346/tools/bin/../lib/gcc/arm-none-eabi/9.3.1/../../../../arm-none-eabi/lib/thumb/v7e-m+fp/hard\libm.a(lib_a-w_pow.o) (__ieee754_pow)
c:/st/stm32cubeide_1.7.0/stm32cubeide/plugins/com.st.stm32cube.ide.mcu.externaltools.gnu-tools-for-stm32.9-2020-q2-update.win32_2.0.0.202105311346/tools/bin/../lib/gcc/arm-none-eabi/9.3.1/../../../../arm-none-eabi/lib/thumb/v7e-m+fp/hard\libm.a(lib_a-e_sqrt.o)
                              c:/st/stm32cubeide_1.7.0/stm32cubeide/plugins/com.st.stm32cube.ide.mcu.externaltools.gnu-tools-for-stm32.9-2020-q2-update.win32_2.0.0.202105311346/tools/bin/../lib/gcc/arm-none-eabi/9.3.1/../../../../arm-none-eabi/lib/thumb/v7e-m+fp/hard\libm.a(lib_a-e_pow.o) (__ieee754_sqrt)
c:/st/stm32cubeide_1.7.0/stm32cubeide/plugins/com.st.stm32cube.ide.mcu.externaltools.gnu-tools-for-stm32.9-2020-q2-update.win32_2.0.0.202105311346/tools/bin/../lib/gcc/arm-none-eabi/9.3.1/../../../../arm-none-eabi/lib/thumb/v7e-m+fp/hard\libm.a(lib_a-s_fabs.o)
                              c:/st/stm32cubeide_1.7.0/stm32cubeide/plugins/com.st.stm32cube.ide.mcu.externaltools.gnu-tools-for-stm32.9-2020-q2-update.win32_2.0.0.202105311346/tools/bin/../lib/gcc/arm-none-eabi/9.3.1/../../../../arm-none-eabi/lib/thumb/v7e-m+fp/hard\libm.a(lib_a-e_pow.o) (fabs)
c:/st/stm32cubeide_1.7.0/stm32cubeide/plugins/com.st.stm32cube.ide.mcu.externaltools.gnu-tools-for-stm32.9-2020-q2-update.win32_2.0.0.202105311346/tools/bin/../lib/gcc/arm-none-eabi/9.3.1/../../../../arm-none-eabi/lib/thumb/v7e-m+fp/hard\libm.a(lib_a-s_finite.o)
[...]
Memory Configuration

Name             Origin             Length             Attributes
CCMRAM           0x0000000010000000 0x0000000000001000 xrw
RAM              0x0000000020000000 0x0000000000003000 xrw
FLASH            0x0000000008000000 0x0000000000010000 xr
*default*        0x0000000000000000 0xffffffffffffffff

Linker script and memory map

LOAD c:/st/stm32cubeide_1.7.0/stm32cubeide/plugins/com.st.stm32cube.ide.mcu.externaltools.gnu-tools-for-stm32.9-2020-q2-update.win32_2.0.0.202105311346/tools/bin/../lib/gcc/arm-none-eabi/9.3.1/thumb/v7e-m+fp/hard/crti.o
LOAD c:/st/stm32cubeide_1.7.0/stm32cubeide/plugins/com.st.stm32cube.ide.mcu.externaltools.gnu-tools-for-stm32.9-2020-q2-update.win32_2.0.0.202105311346/tools/bin/../lib/gcc/arm-none-eabi/9.3.1/thumb/v7e-m+fp/hard/crtbegin.o
LOAD c:/st/stm32cubeide_1.7.0/stm32cubeide/plugins/com.st.stm32cube.ide.mcu.externaltools.gnu-tools-for-stm32.9-2020-q2-update.win32_2.0.0.202105311346/tools/bin/../lib/gcc/arm-none-eabi/9.3.1/../../../../arm-none-eabi/lib/thumb/v7e-m+fp/hard/crt0.o
LOAD ./Core/HTS221/HTS221.o
LOAD ./Core/LPS25HB/LPS25HB.o
LOAD ./Core/Src/gpio.o
LOAD ./Core/Src/i2c.o
LOAD ./Core/Src/main.o
LOAD ./Core/Src/stm32f3xx_it.o
LOAD ./Core/Src/syscalls.o
LOAD ./Core/Src/sysmem.o
LOAD ./Core/Src/system_stm32f3xx.o
LOAD ./Core/Src/tim.o
LOAD ./Core/Startup/startup_stm32f303k8tx.o
LOAD ./Drivers/STM32F3xx_HAL_Driver/Src/stm32f3xx_ll_dma.o
LOAD ./Drivers/STM32F3xx_HAL_Driver/Src/stm32f3xx_ll_exti.o
LOAD ./Drivers/STM32F3xx_HAL_Driver/Src/stm32f3xx_ll_gpio.o
LOAD ./Drivers/STM32F3xx_HAL_Driver/Src/stm32f3xx_ll_i2c.o
LOAD ./Drivers/STM32F3xx_HAL_Driver/Src/stm32f3xx_ll_rcc.o
LOAD ./Drivers/STM32F3xx_HAL_Driver/Src/stm32f3xx_ll_tim.o
LOAD ./Drivers/STM32F3xx_HAL_Driver/Src/stm32f3xx_ll_utils.o
START GROUP
LOAD c:/st/stm32cubeide_1.7.0/stm32cubeide/plugins/com.st.stm32cube.ide.mcu.externaltools.gnu-tools-for-stm32.9-2020-q2-update.win32_2.0.0.202105311346/tools/bin/../lib/gcc/arm-none-eabi/9.3.1/../../../../arm-none-eabi/lib/thumb/v7e-m+fp/hard\libc_nano.a
LOAD c:/st/stm32cubeide_1.7.0/stm32cubeide/plugins/com.st.stm32cube.ide.mcu.externaltools.gnu-tools-for-stm32.9-2020-q2-update.win32_2.0.0.202105311346/tools/bin/../lib/gcc/arm-none-eabi/9.3.1/../../../../arm-none-eabi/lib/thumb/v7e-m+fp/hard\libm.a
END GROUP
START GROUP
LOAD c:/st/stm32cubeide_1.7.0/stm32cubeide/plugins/com.st.stm32cube.ide.mcu.externaltools.gnu-tools-for-stm32.9-2020-q2-update.win32_2.0.0.202105311346/tools/bin/../lib/gcc/arm-none-eabi/9.3.1/thumb/v7e-m+fp/hard\libgcc.a
LOAD c:/st/stm32cubeide_1.7.0/stm32cubeide/plugins/com.st.stm32cube.ide.mcu.externaltools.gnu-tools-for-stm32.9-2020-q2-update.win32_2.0.0.202105311346/tools/bin/../lib/gcc/arm-none-eabi/9.3.1/../../../../arm-none-eabi/lib/thumb/v7e-m+fp/hard\libc_nano.a
END GROUP
START GROUP
LOAD c:/st/stm32cubeide_1.7.0/stm32cubeide/plugins/com.st.stm32cube.ide.mcu.externaltools.gnu-tools-for-stm32.9-2020-q2-update.win32_2.0.0.202105311346/tools/bin/../lib/gcc/arm-none-eabi/9.3.1/thumb/v7e-m+fp/hard\libgcc.a
LOAD c:/st/stm32cubeide_1.7.0/stm32cubeide/plugins/com.st.stm32cube.ide.mcu.externaltools.gnu-tools-for-stm32.9-2020-q2-update.win32_2.0.0.202105311346/tools/bin/../lib/gcc/arm-none-eabi/9.3.1/../../../../arm-none-eabi/lib/thumb/v7e-m+fp/hard\libc_nano.a
LOAD c:/st/stm32cubeide_1.7.0/stm32cubeide/plugins/com.st.stm32cube.ide.mcu.externaltools.gnu-tools-for-stm32.9-2020-q2-update.win32_2.0.0.202105311346/tools/bin/../lib/gcc/arm-none-eabi/9.3.1/../../../../arm-none-eabi/lib/thumb/v7e-m+fp/hard\libnosys.a
END GROUP
START GROUP
LOAD c:/st/stm32cubeide_1.7.0/stm32cubeide/plugins/com.st.stm32cube.ide.mcu.externaltools.gnu-tools-for-stm32.9-2020-q2-update.win32_2.0.0.202105311346/tools/bin/../lib/gcc/arm-none-eabi/9.3.1/thumb/v7e-m+fp/hard\libgcc.a
LOAD c:/st/stm32cubeide_1.7.0/stm32cubeide/plugins/com.st.stm32cube.ide.mcu.externaltools.gnu-tools-for-stm32.9-2020-q2-update.win32_2.0.0.202105311346/tools/bin/../lib/gcc/arm-none-eabi/9.3.1/../../../../arm-none-eabi/lib/thumb/v7e-m+fp/hard\libc_nano.a
LOAD c:/st/stm32cubeide_1.7.0/stm32cubeide/plugins/com.st.stm32cube.ide.mcu.externaltools.gnu-tools-for-stm32.9-2020-q2-update.win32_2.0.0.202105311346/tools/bin/../lib/gcc/arm-none-eabi/9.3.1/../../../../arm-none-eabi/lib/thumb/v7e-m+fp/hard\libnosys.a
END GROUP
LOAD c:/st/stm32cubeide_1.7.0/stm32cubeide/plugins/com.st.stm32cube.ide.mcu.externaltools.gnu-tools-for-stm32.9-2020-q2-update.win32_2.0.0.202105311346/tools/bin/../lib/gcc/arm-none-eabi/9.3.1/thumb/v7e-m+fp/hard/crtend.o
LOAD c:/st/stm32cubeide_1.7.0/stm32cubeide/plugins/com.st.stm32cube.ide.mcu.externaltools.gnu-tools-for-stm32.9-2020-q2-update.win32_2.0.0.202105311346/tools/bin/../lib/gcc/arm-none-eabi/9.3.1/thumb/v7e-m+fp/hard/crtn.o
                0x0000000020003000                _estack = (ORIGIN (RAM) + LENGTH (RAM))
                0x0000000000000200                _Min_Heap_Size = 0x200
                0x0000000000000400                _Min_Stack_Size = 0x400

.isr_vector     0x0000000008000000      0x188
                0x0000000008000000                . = ALIGN (0x4)
 *(.isr_vector)
 .isr_vector    0x0000000008000000      0x188 ./Core/Startup/startup_stm32f303k8tx.o
                0x0000000008000000                g_pfnVectors
                0x0000000008000188                . = ALIGN (0x4)

.text           0x0000000008000188     0x1e24
                0x0000000008000188                . = ALIGN (0x4)
 *(.text)
 .text          0x0000000008000188       0x40 c:/st/stm32cubeide_1.7.0/stm32cubeide/plugins/com.st.stm32cube.ide.mcu.externaltools.gnu-tools-for-stm32.9-2020-q2-update.win32_2.0.0.202105311346/tools/bin/../lib/gcc/arm-none-eabi/9.3.1/thumb/v7e-m+fp/hard/crtbegin.o
 *(.text*)
 .text.__NVIC_GetPriorityGrouping
                0x00000000080001c8       0x1c ./Core/Src/gpio.o
 .text.__NVIC_EnableIRQ
                0x00000000080001e4       0x3c ./Core/Src/gpio.o
 .text.__NVIC_SetPriority
                0x0000000008000220       0x54 ./Core/Src/gpio.o
 .text.NVIC_EncodePriority
                0x0000000008000274       0x66 ./Core/Src/gpio.o
 *fill*         0x00000000080002da        0x2 
 .text.LL_AHB1_GRP1_EnableClock
                0x00000000080002dc       0x30 ./Core/Src/gpio.o
 .text.LL_SYSCFG_SetEXTISource
                0x000000000800030c       0x5c ./Core/Src/gpio.o
 .text.LL_GPIO_SetPinMode
                0x0000000008000368       0x5e ./Core/Src/gpio.o
 .text.LL_GPIO_SetPinPull
                0x00000000080003c6       0x5e ./Core/Src/gpio.o
 .text.LL_GPIO_ResetOutputPin
                0x0000000008000424       0x1c ./Core/Src/gpio.o
 .text.MX_GPIO_Init
                0x0000000008000440       0xf4 ./Core/Src/gpio.o
                0x0000000008000440                MX_GPIO_Init
 .text.__NVIC_GetPriorityGrouping
                0x0000000008000534       0x1c ./Core/Src/i2c.o
 .text.__NVIC_EnableIRQ
                0x0000000008000550       0x3c ./Core/Src/i2c.o
 .text.__NVIC_SetPriority
                0x000000000800058c       0x54 ./Core/Src/i2c.o
 .text.NVIC_EncodePriority
                0x00000000080005e0       0x66 ./Core/Src/i2c.o
 .text.LL_I2C_Enable
                0x0000000008000646       0x20 ./Core/Src/i2c.o
 .text.LL_I2C_EnableClockStretching
                0x0000000008000666       0x20 ./Core/Src/i2c.o
 .text.LL_I2C_DisableGeneralCall
                0x0000000008000686       0x20 ./Core/Src/i2c.o
 .text.LL_I2C_SetOwnAddress2
                0x00000000080006a6       0x30 ./Core/Src/i2c.o
 .text.LL_I2C_DisableOwnAddress2
                0x00000000080006d6       0x20 ./Core/Src/i2c.o
 .text.LL_I2C_IsActiveFlag_RXNE
                0x00000000080006f6       0x26 ./Core/Src/i2c.o
 .text.LL_I2C_EnableAutoEndMode
                0x000000000800071c       0x20 ./Core/Src/i2c.o
 .text.LL_I2C_ReceiveData8
                0x000000000800073c       0x1a ./Core/Src/i2c.o
 *fill*         0x0000000008000756        0x2 
 .text.LL_AHB1_GRP1_EnableClock
                0x0000000008000758       0x30 ./Core/Src/i2c.o
 .text.LL_APB1_GRP1_EnableClock
                0x0000000008000788       0x30 ./Core/Src/i2c.o
 .text.MX_I2C1_Init
                0x00000000080007b8       0xe0 ./Core/Src/i2c.o
                0x00000000080007b8                MX_I2C1_Init
 .text.I2C1_EV_IRQHandler
                0x0000000008000898       0x60 ./Core/Src/i2c.o
                0x0000000008000898                I2C1_EV_IRQHandler
 .text.__NVIC_SetPriorityGrouping
                0x00000000080008f8       0x48 ./Core/Src/main.o
 .text.__NVIC_GetPriorityGrouping
                0x0000000008000940       0x1c ./Core/Src/main.o
 .text.__NVIC_SetPriority
                0x000000000800095c       0x54 ./Core/Src/main.o
 .text.NVIC_EncodePriority
                0x00000000080009b0       0x66 ./Core/Src/main.o
 *fill*         0x0000000008000a16        0x2 
 .text.LL_RCC_HSI_Enable
                0x0000000008000a18       0x20 ./Core/Src/main.o
 .text.LL_RCC_HSI_IsReady
                0x0000000008000a38       0x24 ./Core/Src/main.o
 .text.LL_RCC_HSI_SetCalibTrimming
                0x0000000008000a5c       0x2c ./Core/Src/main.o
 .text.LL_RCC_SetSysClkSource
                0x0000000008000a88       0x28 ./Core/Src/main.o
 .text.LL_RCC_GetSysClkSource
                0x0000000008000ab0       0x1c ./Core/Src/main.o
 .text.LL_RCC_SetAHBPrescaler
                0x0000000008000acc       0x28 ./Core/Src/main.o
 .text.LL_RCC_SetAPB1Prescaler
                0x0000000008000af4       0x28 ./Core/Src/main.o
 .text.LL_RCC_SetAPB2Prescaler
                0x0000000008000b1c       0x28 ./Core/Src/main.o
 .text.LL_RCC_SetI2CClockSource
                0x0000000008000b44       0x30 ./Core/Src/main.o
 .text.LL_APB1_GRP1_EnableClock
                0x0000000008000b74       0x30 ./Core/Src/main.o
 .text.LL_APB2_GRP1_EnableClock
                0x0000000008000ba4       0x30 ./Core/Src/main.o
 .text.LL_FLASH_SetLatency
                0x0000000008000bd4       0x28 ./Core/Src/main.o
 .text.LL_FLASH_GetLatency
                0x0000000008000bfc       0x1c ./Core/Src/main.o
 .text.LL_TIM_EnableCounter
                0x0000000008000c18       0x20 ./Core/Src/main.o
 .text.LL_TIM_ClearFlag_UPDATE
                0x0000000008000c38       0x1c ./Core/Src/main.o
 .text.LL_TIM_IsActiveFlag_UPDATE
                0x0000000008000c54       0x26 ./Core/Src/main.o
 .text.LL_TIM_EnableIT_UPDATE
                0x0000000008000c7a       0x20 ./Core/Src/main.o
 .text.LL_GPIO_SetOutputPin
                0x0000000008000c9a       0x1c ./Core/Src/main.o
 .text.LL_GPIO_ResetOutputPin
                0x0000000008000cb6       0x1c ./Core/Src/main.o
 *fill*         0x0000000008000cd2        0x2 
 .text.resetSegments
                0x0000000008000cd4       0x5c ./Core/Src/main.o
                0x0000000008000cd4                resetSegments
 .text.resetDigits
                0x0000000008000d30       0x3a ./Core/Src/main.o
                0x0000000008000d30                resetDigits
 *fill*         0x0000000008000d6a        0x2 
 .text.decode_7seg
                0x0000000008000d6c       0x2c ./Core/Src/main.o
                0x0000000008000d6c                decode_7seg
 .text.display_symbol
                0x0000000008000d98      0x14c ./Core/Src/main.o
                0x0000000008000d98                display_symbol
 .text.main     0x0000000008000ee4       0xe4 ./Core/Src/main.o
                0x0000000008000ee4                main
 .text.SystemClock_Config
                0x0000000008000fc8       0x6c ./Core/Src/main.o
                0x0000000008000fc8                SystemClock_Config
 .text.updateDisplay
                0x0000000008001034       0x64 ./Core/Src/main.o
                0x0000000008001034                updateDisplay
 .text.TIM2_IRQHandler
                0x0000000008001098       0x22 ./Core/Src/main.o
                0x0000000008001098                TIM2_IRQHandler
 *fill*         0x00000000080010ba        0x2 
 .text.LL_EXTI_IsActiveFlag_0_31
                0x00000000080010bc       0x2c ./Core/Src/stm32f3xx_it.o
 .text.LL_EXTI_ClearFlag_0_31
                0x00000000080010e8       0x20 ./Core/Src/stm32f3xx_it.o
 .text.NMI_Handler
                0x0000000008001108        0x6 ./Core/Src/stm32f3xx_it.o
                0x0000000008001108                NMI_Handler
 .text.HardFault_Handler
                0x000000000800110e        0x6 ./Core/Src/stm32f3xx_it.o
                0x000000000800110e                HardFault_Handler
 .text.MemManage_Handler
                0x0000000008001114        0x6 ./Core/Src/stm32f3xx_it.o
                0x0000000008001114                MemManage_Handler
 .text.BusFault_Handler
                0x000000000800111a        0x6 ./Core/Src/stm32f3xx_it.o
                0x000000000800111a                BusFault_Handler
 .text.UsageFault_Handler
                0x0000000008001120        0x6 ./Core/Src/stm32f3xx_it.o
                0x0000000008001120                UsageFault_Handler
 .text.SVC_Handler
                0x0000000008001126        0xe ./Core/Src/stm32f3xx_it.o
                0x0000000008001126                SVC_Handler
 .text.DebugMon_Handler
                0x0000000008001134        0xe ./Core/Src/stm32f3xx_it.o
                0x0000000008001134                DebugMon_Handler
 .text.PendSV_Handler
                0x0000000008001142        0xe ./Core/Src/stm32f3xx_it.o
                0x0000000008001142                PendSV_Handler
 .text.SysTick_Handler
                0x0000000008001150        0xe ./Core/Src/stm32f3xx_it.o
                0x0000000008001150                SysTick_Handler
 .text.EXTI3_IRQHandler
                0x000000000800115e       0x1a ./Core/Src/stm32f3xx_it.o
                0x000000000800115e                EXTI3_IRQHandler
 .text.SystemInit
                0x0000000008001178       0x24 ./Core/Src/system_stm32f3xx.o
                0x0000000008001178                SystemInit
 .text.__NVIC_GetPriorityGrouping
                0x000000000800119c       0x1c ./Core/Src/tim.o
 .text.__NVIC_EnableIRQ
                0x00000000080011b8       0x3c ./Core/Src/tim.o
 .text.__NVIC_SetPriority
                0x00000000080011f4       0x54 ./Core/Src/tim.o
 .text.NVIC_EncodePriority
                0x0000000008001248       0x66 ./Core/Src/tim.o
 *fill*         0x00000000080012ae        0x2 
 .text.LL_APB1_GRP1_EnableClock
                0x00000000080012b0       0x30 ./Core/Src/tim.o
 .text.LL_TIM_DisableARRPreload
                0x00000000080012e0       0x20 ./Core/Src/tim.o
 .text.LL_TIM_SetClockSource
                0x0000000008001300       0x2a ./Core/Src/tim.o
 .text.LL_TIM_SetTriggerOutput
                0x000000000800132a       0x26 ./Core/Src/tim.o
 .text.LL_TIM_DisableMasterSlaveMode
                0x0000000008001350       0x20 ./Core/Src/tim.o
 .text.MX_TIM2_Init
                0x0000000008001370       0x84 ./Core/Src/tim.o
                0x0000000008001370                MX_TIM2_Init
 .text.Reset_Handler
                0x00000000080013f4       0x50 ./Core/Startup/startup_stm32f303k8tx.o
                0x00000000080013f4                Reset_Handler
 .text.Default_Handler
                0x0000000008001444        0x2 ./Core/Startup/startup_stm32f303k8tx.o
                0x0000000008001444                RTC_Alarm_IRQHandler
                0x0000000008001444                TIM1_CC_IRQHandler
                0x0000000008001444                PVD_IRQHandler
                0x0000000008001444                TAMP_STAMP_IRQHandler
                0x0000000008001444                EXTI0_IRQHandler
                0x0000000008001444                FPU_IRQHandler
                0x0000000008001444                CAN_TX_IRQHandler
                0x0000000008001444                TIM1_UP_TIM16_IRQHandler
                0x0000000008001444                ADC1_2_IRQHandler
                0x0000000008001444                SPI1_IRQHandler
                0x0000000008001444                CAN_SCE_IRQHandler
                0x0000000008001444                DMA1_Channel4_IRQHandler
                0x0000000008001444                USART3_IRQHandler
                0x0000000008001444                DMA1_Channel7_IRQHandler
                0x0000000008001444                TIM7_DAC2_IRQHandler
                0x0000000008001444                CAN_RX1_IRQHandler
                0x0000000008001444                DMA1_Channel6_IRQHandler
                0x0000000008001444                TIM3_IRQHandler
                0x0000000008001444                RCC_IRQHandler
                0x0000000008001444                DMA1_Channel1_IRQHandler
                0x0000000008001444                Default_Handler
                0x0000000008001444                EXTI15_10_IRQHandler
                0x0000000008001444                COMP2_IRQHandler
                0x0000000008001444                TIM6_DAC1_IRQHandler
                0x0000000008001444                EXTI9_5_IRQHandler
                0x0000000008001444                RTC_WKUP_IRQHandler
                0x0000000008001444                DMA1_Channel5_IRQHandler
                0x0000000008001444                EXTI4_IRQHandler
                0x0000000008001444                TIM1_TRG_COM_TIM17_IRQHandler
                0x0000000008001444                DMA1_Channel3_IRQHandler
                0x0000000008001444                WWDG_IRQHandler
                0x0000000008001444                EXTI1_IRQHandler
                0x0000000008001444                COMP4_6_IRQHandler
                0x0000000008001444                USART2_IRQHandler
                0x0000000008001444                DMA1_Channel2_IRQHandler
                0x0000000008001444                FLASH_IRQHandler
                0x0000000008001444                USART1_IRQHandler
                0x0000000008001444                CAN_RX0_IRQHandler
                0x0000000008001444                I2C1_ER_IRQHandler
                0x0000000008001444                EXTI2_TSC_IRQHandler
                0x0000000008001444                TIM1_BRK_TIM15_IRQHandler
 *fill*         0x0000000008001446        0x2 
 .text.LL_EXTI_EnableIT_0_31
                0x0000000008001448       0x24 ./Drivers/STM32F3xx_HAL_Driver/Src/stm32f3xx_ll_exti.o
 .text.LL_EXTI_EnableIT_32_63
                0x000000000800146c       0x24 ./Drivers/STM32F3xx_HAL_Driver/Src/stm32f3xx_ll_exti.o
 .text.LL_EXTI_DisableIT_0_31
                0x0000000008001490       0x28 ./Drivers/STM32F3xx_HAL_Driver/Src/stm32f3xx_ll_exti.o
 .text.LL_EXTI_DisableIT_32_63
                0x00000000080014b8       0x28 ./Drivers/STM32F3xx_HAL_Driver/Src/stm32f3xx_ll_exti.o
 .text.LL_EXTI_EnableEvent_0_31
                0x00000000080014e0       0x24 ./Drivers/STM32F3xx_HAL_Driver/Src/stm32f3xx_ll_exti.o
 .text.LL_EXTI_EnableEvent_32_63
                0x0000000008001504       0x24 ./Drivers/STM32F3xx_HAL_Driver/Src/stm32f3xx_ll_exti.o
 .text.LL_EXTI_DisableEvent_0_31
                0x0000000008001528       0x28 ./Drivers/STM32F3xx_HAL_Driver/Src/stm32f3xx_ll_exti.o
 .text.LL_EXTI_DisableEvent_32_63
                0x0000000008001550       0x28 ./Drivers/STM32F3xx_HAL_Driver/Src/stm32f3xx_ll_exti.o
 .text.LL_EXTI_EnableRisingTrig_0_31
                0x0000000008001578       0x24 ./Drivers/STM32F3xx_HAL_Driver/Src/stm32f3xx_ll_exti.o
 .text.LL_EXTI_EnableRisingTrig_32_63
                0x000000000800159c       0x24 ./Drivers/STM32F3xx_HAL_Driver/Src/stm32f3xx_ll_exti.o
 .text.LL_EXTI_DisableRisingTrig_0_31
                0x00000000080015c0       0x28 ./Drivers/STM32F3xx_HAL_Driver/Src/stm32f3xx_ll_exti.o
 .text.LL_EXTI_DisableRisingTrig_32_63
                0x00000000080015e8       0x28 ./Drivers/STM32F3xx_HAL_Driver/Src/stm32f3xx_ll_exti.o
 .text.LL_EXTI_EnableFallingTrig_0_31
                0x0000000008001610       0x24 ./Drivers/STM32F3xx_HAL_Driver/Src/stm32f3xx_ll_exti.o
 .text.LL_EXTI_EnableFallingTrig_32_63
                0x0000000008001634       0x24 ./Drivers/STM32F3xx_HAL_Driver/Src/stm32f3xx_ll_exti.o
 .text.LL_EXTI_DisableFallingTrig_0_31
                0x0000000008001658       0x28 ./Drivers/STM32F3xx_HAL_Driver/Src/stm32f3xx_ll_exti.o
 .text.LL_EXTI_DisableFallingTrig_32_63
                0x0000000008001680       0x28 ./Drivers/STM32F3xx_HAL_Driver/Src/stm32f3xx_ll_exti.o
 .text.LL_EXTI_Init
                0x00000000080016a8      0x1e6 ./Drivers/STM32F3xx_HAL_Driver/Src/stm32f3xx_ll_exti.o
                0x00000000080016a8                LL_EXTI_Init
 .text.LL_GPIO_SetPinMode
                0x000000000800188e       0x5e ./Drivers/STM32F3xx_HAL_Driver/Src/stm32f3xx_ll_gpio.o
 .text.LL_GPIO_SetPinOutputType
                0x00000000080018ec       0x30 ./Drivers/STM32F3xx_HAL_Driver/Src/stm32f3xx_ll_gpio.o
 .text.LL_GPIO_SetPinSpeed
                0x000000000800191c       0x5e ./Drivers/STM32F3xx_HAL_Driver/Src/stm32f3xx_ll_gpio.o
 .text.LL_GPIO_SetPinPull
                0x000000000800197a       0x5e ./Drivers/STM32F3xx_HAL_Driver/Src/stm32f3xx_ll_gpio.o
 .text.LL_GPIO_SetAFPin_0_7
                0x00000000080019d8       0x5e ./Drivers/STM32F3xx_HAL_Driver/Src/stm32f3xx_ll_gpio.o
 .text.LL_GPIO_SetAFPin_8_15
                0x0000000008001a36       0x62 ./Drivers/STM32F3xx_HAL_Driver/Src/stm32f3xx_ll_gpio.o
 .text.LL_GPIO_Init
                0x0000000008001a98       0xe0 ./Drivers/STM32F3xx_HAL_Driver/Src/stm32f3xx_ll_gpio.o
                0x0000000008001a98                LL_GPIO_Init
 .text.LL_I2C_Enable
                0x0000000008001b78       0x20 ./Drivers/STM32F3xx_HAL_Driver/Src/stm32f3xx_ll_i2c.o
 .text.LL_I2C_Disable
                0x0000000008001b98       0x20 ./Drivers/STM32F3xx_HAL_Driver/Src/stm32f3xx_ll_i2c.o
 .text.LL_I2C_ConfigFilters
                0x0000000008001bb8       0x2e ./Drivers/STM32F3xx_HAL_Driver/Src/stm32f3xx_ll_i2c.o
 .text.LL_I2C_SetOwnAddress1
                0x0000000008001be6       0x30 ./Drivers/STM32F3xx_HAL_Driver/Src/stm32f3xx_ll_i2c.o
 .text.LL_I2C_EnableOwnAddress1
                0x0000000008001c16       0x20 ./Drivers/STM32F3xx_HAL_Driver/Src/stm32f3xx_ll_i2c.o
 .text.LL_I2C_DisableOwnAddress1
                0x0000000008001c36       0x20 ./Drivers/STM32F3xx_HAL_Driver/Src/stm32f3xx_ll_i2c.o
 .text.LL_I2C_SetTiming
                0x0000000008001c56       0x1c ./Drivers/STM32F3xx_HAL_Driver/Src/stm32f3xx_ll_i2c.o
 .text.LL_I2C_SetMode
                0x0000000008001c72       0x26 ./Drivers/STM32F3xx_HAL_Driver/Src/stm32f3xx_ll_i2c.o
 .text.LL_I2C_AcknowledgeNextData
                0x0000000008001c98       0x26 ./Drivers/STM32F3xx_HAL_Driver/Src/stm32f3xx_ll_i2c.o
 .text.LL_I2C_Init
                0x0000000008001cbe       0x78 ./Drivers/STM32F3xx_HAL_Driver/Src/stm32f3xx_ll_i2c.o
                0x0000000008001cbe                LL_I2C_Init
 .text.LL_TIM_SetPrescaler
                0x0000000008001d36       0x1c ./Drivers/STM32F3xx_HAL_Driver/Src/stm32f3xx_ll_tim.o
 .text.LL_TIM_SetAutoReload
                0x0000000008001d52       0x1c ./Drivers/STM32F3xx_HAL_Driver/Src/stm32f3xx_ll_tim.o
 .text.LL_TIM_SetRepetitionCounter
                0x0000000008001d6e       0x1c ./Drivers/STM32F3xx_HAL_Driver/Src/stm32f3xx_ll_tim.o
 .text.LL_TIM_GenerateEvent_UPDATE
                0x0000000008001d8a       0x20 ./Drivers/STM32F3xx_HAL_Driver/Src/stm32f3xx_ll_tim.o
 *fill*         0x0000000008001daa        0x2 
 .text.LL_TIM_Init
                0x0000000008001dac       0xe4 ./Drivers/STM32F3xx_HAL_Driver/Src/stm32f3xx_ll_tim.o
                0x0000000008001dac                LL_TIM_Init
 .text.LL_InitTick
                0x0000000008001e90       0x34 ./Drivers/STM32F3xx_HAL_Driver/Src/stm32f3xx_ll_utils.o
 .text.LL_Init1msTick
                0x0000000008001ec4       0x1a ./Drivers/STM32F3xx_HAL_Driver/Src/stm32f3xx_ll_utils.o
                0x0000000008001ec4                LL_Init1msTick
 *fill*         0x0000000008001ede        0x2 
 .text.LL_mDelay
                0x0000000008001ee0       0x4c ./Drivers/STM32F3xx_HAL_Driver/Src/stm32f3xx_ll_utils.o
                0x0000000008001ee0                LL_mDelay
 .text.LL_SetSystemCoreClock
                0x0000000008001f2c       0x20 ./Drivers/STM32F3xx_HAL_Driver/Src/stm32f3xx_ll_utils.o
                0x0000000008001f2c                LL_SetSystemCoreClock
 .text.__libc_init_array
                0x0000000008001f4c       0x48 c:/st/stm32cubeide_1.7.0/stm32cubeide/plugins/com.st.stm32cube.ide.mcu.externaltools.gnu-tools-for-stm32.9-2020-q2-update.win32_2.0.0.202105311346/tools/bin/../lib/gcc/arm-none-eabi/9.3.1/../../../../arm-none-eabi/lib/thumb/v7e-m+fp/hard\libc_nano.a(lib_a-init.o)
                0x0000000008001f4c                __libc_init_array
 *(.glue_7)
 .glue_7        0x0000000008001f94        0x0 linker stubs
 *(.glue_7t)
 .glue_7t       0x0000000008001f94        0x0 linker stubs
 *(.eh_frame)
 .eh_frame      0x0000000008001f94        0x0 c:/st/stm32cubeide_1.7.0/stm32cubeide/plugins/com.st.stm32cube.ide.mcu.externaltools.gnu-tools-for-stm32.9-2020-q2-update.win32_2.0.0.202105311346/tools/bin/../lib/gcc/arm-none-eabi/9.3.1/thumb/v7e-m+fp/hard/crtbegin.o
 *(.init)
 .init          0x0000000008001f94        0x4 c:/st/stm32cubeide_1.7.0/stm32cubeide/plugins/com.st.stm32cube.ide.mcu.externaltools.gnu-tools-for-stm32.9-2020-q2-update.win32_2.0.0.202105311346/tools/bin/../lib/gcc/arm-none-eabi/9.3.1/thumb/v7e-m+fp/hard/crti.o
                0x0000000008001f94                _init
 .init          0x0000000008001f98        0x8 c:/st/stm32cubeide_1.7.0/stm32cubeide/plugins/com.st.stm32cube.ide.mcu.externaltools.gnu-tools-for-stm32.9-2020-q2-update.win32_2.0.0.202105311346/tools/bin/../lib/gcc/arm-none-eabi/9.3.1/thumb/v7e-m+fp/hard/crtn.o
 *(.fini)
 .fini          0x0000000008001fa0        0x4 c:/st/stm32cubeide_1.7.0/stm32cubeide/plugins/com.st.stm32cube.ide.mcu.externaltools.gnu-tools-for-stm32.9-2020-q2-update.win32_2.0.0.202105311346/tools/bin/../lib/gcc/arm-none-eabi/9.3.1/thumb/v7e-m+fp/hard/crti.o
                0x0000000008001fa0                _fini
 .fini          0x0000000008001fa4        0x8 c:/st/stm32cubeide_1.7.0/stm32cubeide/plugins/com.st.stm32cube.ide.mcu.externaltools.gnu-tools-for-stm32.9-2020-q2-update.win32_2.0.0.202105311346/tools/bin/../lib/gcc/arm-none-eabi/9.3.1/thumb/v7e-m+fp/hard/crtn.o
                0x0000000008001fac                . = ALIGN (0x4)
                0x0000000008001fac                _etext = .

.vfp11_veneer   0x0000000008001fac        0x0
 .vfp11_veneer  0x0000000008001fac        0x0 linker stubs

.v4_bx          0x0000000008001fac        0x0
 .v4_bx         0x0000000008001fac        0x0 linker stubs

.iplt           0x0000000008001fac        0x0
 .iplt          0x0000000008001fac        0x0 c:/st/stm32cubeide_1.7.0/stm32cubeide/plugins/com.st.stm32cube.ide.mcu.externaltools.gnu-tools-for-stm32.9-2020-q2-update.win32_2.0.0.202105311346/tools/bin/../lib/gcc/arm-none-eabi/9.3.1/thumb/v7e-m+fp/hard/crtbegin.o

.rodata         0x0000000008001fac       0x64
                0x0000000008001fac                . = ALIGN (0x4)
 *(.rodata)
 *(.rodata*)
 .rodata.seven_seg_digits_decode_abcdefg
                0x0000000008001fac       0x4b ./Core/Src/main.o
                0x0000000008001fac                seven_seg_digits_decode_abcdefg
 *fill*         0x0000000008001ff7        0x1 
 .rodata.retazec
                0x0000000008001ff8       0x16 ./Core/Src/main.o
                0x0000000008001ff8                retazec
                0x0000000008002010                . = ALIGN (0x4)
 *fill*         0x000000000800200e        0x2 

.rel.dyn        0x0000000008002010        0x0
 .rel.iplt      0x0000000008002010        0x0 c:/st/stm32cubeide_1.7.0/stm32cubeide/plugins/com.st.stm32cube.ide.mcu.externaltools.gnu-tools-for-stm32.9-2020-q2-update.win32_2.0.0.202105311346/tools/bin/../lib/gcc/arm-none-eabi/9.3.1/thumb/v7e-m+fp/hard/crtbegin.o

.ARM.extab      0x0000000008002010        0x0
                0x0000000008002010                . = ALIGN (0x4)
 *(.ARM.extab* .gnu.linkonce.armextab.*)
                0x0000000008002010                . = ALIGN (0x4)

.ARM            0x0000000008002010        0x0
                0x0000000008002010                . = ALIGN (0x4)
                0x0000000008002010                __exidx_start = .
 *(.ARM.exidx*)
                0x0000000008002010                __exidx_end = .
                0x0000000008002010                . = ALIGN (0x4)

.preinit_array  0x0000000008002010        0x0
                0x0000000008002010                . = ALIGN (0x4)
                0x0000000008002010                PROVIDE (__preinit_array_start = .)
 *(.preinit_array*)
                0x0000000008002010                PROVIDE (__preinit_array_end = .)
                0x0000000008002010                . = ALIGN (0x4)

.init_array     0x0000000008002010        0x4
                0x0000000008002010                . = ALIGN (0x4)
                0x0000000008002010                PROVIDE (__init_array_start = .)
 *(SORT_BY_NAME(.init_array.*))
 *(.init_array*)
 .init_array    0x0000000008002010        0x4 c:/st/stm32cubeide_1.7.0/stm32cubeide/plugins/com.st.stm32cube.ide.mcu.externaltools.gnu-tools-for-stm32.9-2020-q2-update.win32_2.0.0.202105311346/tools/bin/../lib/gcc/arm-none-eabi/9.3.1/thumb/v7e-m+fp/hard/crtbegin.o
                0x0000000008002014                PROVIDE (__init_array_end = .)
                0x0000000008002014                . = ALIGN (0x4)

.fini_array     0x0000000008002014        0x4
                0x0000000008002014                . = ALIGN (0x4)
                [!provide]                        PROVIDE (__fini_array_start = .)
 *(SORT_BY_NAME(.fini_array.*))
 *(.fini_array*)
 .fini_array    0x0000000008002014        0x4 c:/st/stm32cubeide_1.7.0/stm32cubeide/plugins/com.st.stm32cube.ide.mcu.externaltools.gnu-tools-for-stm32.9-2020-q2-update.win32_2.0.0.202105311346/tools/bin/../lib/gcc/arm-none-eabi/9.3.1/thumb/v7e-m+fp/hard/crtbegin.o
                [!provide]                        PROVIDE (__fini_array_end = .)
                0x0000000008002018                . = ALIGN (0x4)
                0x0000000008002018                _sidata = LOADADDR (.data)

.data           0x0000000020000000        0x4 load address 0x0000000008002018
                0x0000000020000000                . = ALIGN (0x4)
                0x0000000020000000                _sdata = .
 *(.data)
 *(.data*)
 .data.SystemCoreClock
                0x0000000020000000        0x4 ./Core/Src/system_stm32f3xx.o
                0x0000000020000000                SystemCoreClock
 *(.RamFunc)
 *(.RamFunc*)
                0x0000000020000004                . = ALIGN (0x4)
                0x0000000020000004                _edata = .
                0x000000000800201c                _siccmram = LOADADDR (.ccmram)

.igot.plt       0x0000000020000004        0x0 load address 0x000000000800201c
 .igot.plt      0x0000000020000004        0x0 c:/st/stm32cubeide_1.7.0/stm32cubeide/plugins/com.st.stm32cube.ide.mcu.externaltools.gnu-tools-for-stm32.9-2020-q2-update.win32_2.0.0.202105311346/tools/bin/../lib/gcc/arm-none-eabi/9.3.1/thumb/v7e-m+fp/hard/crtbegin.o

.ccmram         0x0000000010000000        0x0 load address 0x000000000800201c
                0x0000000010000000                . = ALIGN (0x4)
                0x0000000010000000                _sccmram = .
 *(.ccmram)
 *(.ccmram*)
                0x0000000010000000                . = ALIGN (0x4)
                0x0000000010000000                _eccmram = .
                0x0000000010000000                . = ALIGN (0x4)

.bss            0x0000000020000004       0x30
                0x0000000020000004                _sbss = .
                0x0000000020000004                __bss_start__ = _sbss
 *(.bss)
 .bss           0x0000000020000004       0x1c c:/st/stm32cubeide_1.7.0/stm32cubeide/plugins/com.st.stm32cube.ide.mcu.externaltools.gnu-tools-for-stm32.9-2020-q2-update.win32_2.0.0.202105311346/tools/bin/../lib/gcc/arm-none-eabi/9.3.1/thumb/v7e-m+fp/hard/crtbegin.o
 *(.bss*)
 .bss.end_of_read_flag
                0x0000000020000020        0x1 ./Core/Src/i2c.o
                0x0000000020000020                end_of_read_flag
 .bss.ubReceiveIndex
                0x0000000020000021        0x1 ./Core/Src/i2c.o
                0x0000000020000021                ubReceiveIndex
 *fill*         0x0000000020000022        0x2 
 .bss.orientation
                0x0000000020000024        0x4 ./Core/Src/main.o
                0x0000000020000024                orientation
 .bss.digit     0x0000000020000028        0x4 ./Core/Src/main.o
                0x0000000020000028                digit
 *(COMMON)
 COMMON         0x000000002000002c        0x4 ./Core/Src/i2c.o
                0x000000002000002c                aReceiveBuffer_read
 COMMON         0x0000000020000030        0x4 ./Core/Src/main.o
                0x0000000020000030                pos
                0x0000000020000034                . = ALIGN (0x4)
                0x0000000020000034                _ebss = .
                0x0000000020000034                __bss_end__ = _ebss

._user_heap_stack
                0x0000000020000034      0x604
                0x0000000020000038                . = ALIGN (0x8)
 *fill*         0x0000000020000034        0x4 
                [!provide]                        PROVIDE (end = .)
                0x0000000020000038                PROVIDE (_end = .)
                0x0000000020000238                . = (. + _Min_Heap_Size)
 *fill*         0x0000000020000038      0x200 
                0x0000000020000638                . = (. + _Min_Stack_Size)
 *fill*         0x0000000020000238      0x400 
                0x0000000020000638                . = ALIGN (0x8)

/DISCARD/
 libc.a(*)
 libm.a(*)
 libgcc.a(*)

.ARM.attributes
                0x0000000000000000       0x30
 *(.ARM.attributes)
 .ARM.attributes
                0x0000000000000000       0x1e c:/st/stm32cubeide_1.7.0/stm32cubeide/plugins/com.st.stm32cube.ide.mcu.externaltools.gnu-tools-for-stm32.9-2020-q2-update.win32_2.0.0.202105311346/tools/bin/../lib/gcc/arm-none-eabi/9.3.1/thumb/v7e-m+fp/hard/crti.o
 .ARM.attributes
                0x000000000000001e       0x34 c:/st/stm32cubeide_1.7.0/stm32cubeide/plugins/com.st.stm32cube.ide.mcu.externaltools.gnu-tools-for-stm32.9-2020-q2-update.win32_2.0.0.202105311346/tools/bin/../lib/gcc/arm-none-eabi/9.3.1/thumb/v7e-m+fp/hard/crtbegin.o
 .ARM.attributes
                0x0000000000000052       0x34 ./Core/Src/gpio.o
 .ARM.attributes
                0x0000000000000086       0x34 ./Core/Src/i2c.o
 .ARM.attributes
                0x00000000000000ba       0x34 ./Core/Src/main.o
 .ARM.attributes
                0x00000000000000ee       0x34 ./Core/Src/stm32f3xx_it.o
 .ARM.attributes
                0x0000000000000122       0x34 ./Core/Src/system_stm32f3xx.o
 .ARM.attributes
                0x0000000000000156       0x34 ./Core/Src/tim.o
 .ARM.attributes
                0x000000000000018a       0x21 ./Core/Startup/startup_stm32f303k8tx.o
 .ARM.attributes
                0x00000000000001ab       0x34 ./Drivers/STM32F3xx_HAL_Driver/Src/stm32f3xx_ll_exti.o
 .ARM.attributes
                0x00000000000001df       0x34 ./Drivers/STM32F3xx_HAL_Driver/Src/stm32f3xx_ll_gpio.o
 .ARM.attributes
                0x0000000000000213       0x34 ./Drivers/STM32F3xx_HAL_Driver/Src/stm32f3xx_ll_i2c.o
 .ARM.attributes
                0x0000000000000247       0x34 ./Drivers/STM32F3xx_HAL_Driver/Src/stm32f3xx_ll_tim.o
 .ARM.attributes
                0x000000000000027b       0x34 ./Drivers/STM32F3xx_HAL_Driver/Src/stm32f3xx_ll_utils.o
 .ARM.attributes
                0x00000000000002af       0x34 c:/st/stm32cubeide_1.7.0/stm32cubeide/plugins/com.st.stm32cube.ide.mcu.externaltools.gnu-tools-for-stm32.9-2020-q2-update.win32_2.0.0.202105311346/tools/bin/../lib/gcc/arm-none-eabi/9.3.1/../../../../arm-none-eabi/lib/thumb/v7e-m+fp/hard\libc_nano.a(lib_a-init.o)
 .ARM.attributes
                0x00000000000002e3       0x1e c:/st/stm32cubeide_1.7.0/stm32cubeide/plugins/com.st.stm32cube.ide.mcu.externaltools.gnu-tools-for-stm32.9-2020-q2-update.win32_2.0.0.202105311346/tools/bin/../lib/gcc/arm-none-eabi/9.3.1/thumb/v7e-m+fp/hard/crtn.o
OUTPUT(vrs_zadanie8.elf elf32-littlearm)
LOAD linker stubs
LOAD c:/st/stm32cubeide_1.7.0/stm32cubeide/plugins/com.st.stm32cube.ide.mcu.externaltools.gnu-tools-for-stm32.9-2020-q2-update.win32_2.0.0.202105311346/tools/bin/../lib/gcc/arm-none-eabi/9.3.1/../../../../arm-none-eabi/lib/thumb/v7e-m+fp/hard\libc.a
LOAD c:/st/stm32cubeide_1.7.0/stm32cubeide/plugins/com.st.stm32cube.ide.mcu.externaltools.gnu-tools-for-stm32.9-2020-q2-update.win32_2.0.0.202105311346/tools/bin/../lib/gcc/arm-none-eabi/9.3.1/../../../../arm-none-eabi/lib/thumb/v7e-m+fp/hard\libm.a
LOAD c:/st/stm32cubeide_1.7.0/stm32cubeide/plugins/com.st.stm32cube.ide.mcu.externaltools.gnu-tools-for-stm32.9-2020-q2-update.win32_2.0.0.202105311346/tools/bin/../lib/gcc/arm-none-eabi/9.3.1/thumb/v7e-m+fp/hard\libgcc.a

.debug_info     0x0000000000000000     0x6a63
 .debug_info    0x0000000000000000      0xcca ./Core/Src/gpio.o
 .debug_info    0x0000000000000cca      0xe92 ./Core/Src/i2c.o
 .debug_info    0x0000000000001b5c      0xfb7 ./Core/Src/main.o
 .debug_info    0x0000000000002b13      0x3b2 ./Core/Src/stm32f3xx_it.o
 .debug_info    0x0000000000002ec5      0x439 ./Core/Src/system_stm32f3xx.o
 .debug_info    0x00000000000032fe      0xab2 ./Core/Src/tim.o
 .debug_info    0x0000000000003db0       0x22 ./Core/Startup/startup_stm32f303k8tx.o
 .debug_info    0x0000000000003dd2      0x59b ./Drivers/STM32F3xx_HAL_Driver/Src/stm32f3xx_ll_exti.o
 .debug_info    0x000000000000436d      0x7ce ./Drivers/STM32F3xx_HAL_Driver/Src/stm32f3xx_ll_gpio.o
 .debug_info    0x0000000000004b3b      0x601 ./Drivers/STM32F3xx_HAL_Driver/Src/stm32f3xx_ll_i2c.o
 .debug_info    0x000000000000513c     0x1092 ./Drivers/STM32F3xx_HAL_Driver/Src/stm32f3xx_ll_tim.o
 .debug_info    0x00000000000061ce      0x895 ./Drivers/STM32F3xx_HAL_Driver/Src/stm32f3xx_ll_utils.o

.debug_abbrev   0x0000000000000000     0x1705
 .debug_abbrev  0x0000000000000000      0x272 ./Core/Src/gpio.o
 .debug_abbrev  0x0000000000000272      0x256 ./Core/Src/i2c.o
 .debug_abbrev  0x00000000000004c8      0x318 ./Core/Src/main.o
 .debug_abbrev  0x00000000000007e0      0x171 ./Core/Src/stm32f3xx_it.o
 .debug_abbrev  0x0000000000000951      0x129 ./Core/Src/system_stm32f3xx.o
 .debug_abbrev  0x0000000000000a7a      0x1e9 ./Core/Src/tim.o
 .debug_abbrev  0x0000000000000c63       0x12 ./Core/Startup/startup_stm32f303k8tx.o
 .debug_abbrev  0x0000000000000c75      0x1c2 ./Drivers/STM32F3xx_HAL_Driver/Src/stm32f3xx_ll_exti.o
 .debug_abbrev  0x0000000000000e37      0x23b ./Drivers/STM32F3xx_HAL_Driver/Src/stm32f3xx_ll_gpio.o
 .debug_abbrev  0x0000000000001072      0x1a6 ./Drivers/STM32F3xx_HAL_Driver/Src/stm32f3xx_ll_i2c.o
 .debug_abbrev  0x0000000000001218      0x22b ./Drivers/STM32F3xx_HAL_Driver/Src/stm32f3xx_ll_tim.o
 .debug_abbrev  0x0000000000001443      0x2c2 ./Drivers/STM32F3xx_HAL_Driver/Src/stm32f3xx_ll_utils.o

.debug_aranges  0x0000000000000000      0x770
 .debug_aranges
                0x0000000000000000       0x68 ./Core/Src/gpio.o
 .debug_aranges
                0x0000000000000068       0xe0 ./Core/Src/i2c.o
 .debug_aranges
                0x0000000000000148      0x118 ./Core/Src/main.o
 .debug_aranges
                0x0000000000000260       0x78 ./Core/Src/stm32f3xx_it.o
 .debug_aranges
                0x00000000000002d8       0x28 ./Core/Src/system_stm32f3xx.o
 .debug_aranges
                0x0000000000000300       0x68 ./Core/Src/tim.o
 .debug_aranges
                0x0000000000000368       0x28 ./Core/Startup/startup_stm32f303k8tx.o
 .debug_aranges
                0x0000000000000390       0xb0 ./Drivers/STM32F3xx_HAL_Driver/Src/stm32f3xx_ll_exti.o
 .debug_aranges
                0x0000000000000440       0x70 ./Drivers/STM32F3xx_HAL_Driver/Src/stm32f3xx_ll_gpio.o
 .debug_aranges
                0x00000000000004b0       0x88 ./Drivers/STM32F3xx_HAL_Driver/Src/stm32f3xx_ll_i2c.o
 .debug_aranges
                0x0000000000000538      0x148 ./Drivers/STM32F3xx_HAL_Driver/Src/stm32f3xx_ll_tim.o
 .debug_aranges
                0x0000000000000680       0xf0 ./Drivers/STM32F3xx_HAL_Driver/Src/stm32f3xx_ll_utils.o

.debug_ranges   0x0000000000000000      0x6b8
 .debug_ranges  0x0000000000000000       0x58 ./Core/Src/gpio.o
 .debug_ranges  0x0000000000000058       0xd0 ./Core/Src/i2c.o
 .debug_ranges  0x0000000000000128      0x108 ./Core/Src/main.o
 .debug_ranges  0x0000000000000230       0x68 ./Core/Src/stm32f3xx_it.o
 .debug_ranges  0x0000000000000298       0x18 ./Core/Src/system_stm32f3xx.o
 .debug_ranges  0x00000000000002b0       0x58 ./Core/Src/tim.o
 .debug_ranges  0x0000000000000308       0x20 ./Core/Startup/startup_stm32f303k8tx.o
 .debug_ranges  0x0000000000000328       0xa0 ./Drivers/STM32F3xx_HAL_Driver/Src/stm32f3xx_ll_exti.o
 .debug_ranges  0x00000000000003c8       0x60 ./Drivers/STM32F3xx_HAL_Driver/Src/stm32f3xx_ll_gpio.o
 .debug_ranges  0x0000000000000428       0x78 ./Drivers/STM32F3xx_HAL_Driver/Src/stm32f3xx_ll_i2c.o
 .debug_ranges  0x00000000000004a0      0x138 ./Drivers/STM32F3xx_HAL_Driver/Src/stm32f3xx_ll_tim.o
 .debug_ranges  0x00000000000005d8       0xe0 ./Drivers/STM32F3xx_HAL_Driver/Src/stm32f3xx_ll_utils.o

.debug_macro    0x0000000000000000     0x16cd
 .debug_macro   0x0000000000000000      0x13f ./Core/Src/gpio.o
 .debug_macro   0x000000000000013f      0x13f ./Core/Src/i2c.o
 .debug_macro   0x000000000000027e      0x157 ./Core/Src/main.o
 .debug_macro   0x00000000000003d5      0x13f ./Core/Src/stm32f3xx_it.o
 .debug_macro   0x0000000000000514       0xbd ./Core/Src/system_stm32f3xx.o
 .debug_macro   0x00000000000005d1      0x13f ./Core/Src/tim.o
 .debug_macro   0x0000000000000710       0xea ./Drivers/STM32F3xx_HAL_Driver/Src/stm32f3xx_ll_exti.o
 .debug_macro   0x00000000000007fa       0xf8 ./Drivers/STM32F3xx_HAL_Driver/Src/stm32f3xx_ll_exti.o
 .debug_macro   0x00000000000008f2       0xff ./Drivers/STM32F3xx_HAL_Driver/Src/stm32f3xx_ll_gpio.o
 .debug_macro   0x00000000000009f1      0x13c ./Drivers/STM32F3xx_HAL_Driver/Src/stm32f3xx_ll_gpio.o
 .debug_macro   0x0000000000000b2d       0xff ./Drivers/STM32F3xx_HAL_Driver/Src/stm32f3xx_ll_i2c.o
 .debug_macro   0x0000000000000c2c      0x169 ./Drivers/STM32F3xx_HAL_Driver/Src/stm32f3xx_ll_tim.o
 .debug_macro   0x0000000000000d95      0x7fd ./Drivers/STM32F3xx_HAL_Driver/Src/stm32f3xx_ll_tim.o
 .debug_macro   0x0000000000001592      0x13b ./Drivers/STM32F3xx_HAL_Driver/Src/stm32f3xx_ll_utils.o

.debug_line     0x0000000000000000     0x5835
 .debug_line    0x0000000000000000      0x799 ./Core/Src/gpio.o
 .debug_line    0x0000000000000799      0x990 ./Core/Src/i2c.o
 .debug_line    0x0000000000001129      0xadb ./Core/Src/main.o
 .debug_line    0x0000000000001c04      0x6b0 ./Core/Src/stm32f3xx_it.o
 .debug_line    0x00000000000022b4      0x4d8 ./Core/Src/system_stm32f3xx.o
 .debug_line    0x000000000000278c      0x704 ./Core/Src/tim.o
 .debug_line    0x0000000000002e90       0x88 ./Core/Startup/startup_stm32f303k8tx.o
 .debug_line    0x0000000000002f18      0x703 ./Drivers/STM32F3xx_HAL_Driver/Src/stm32f3xx_ll_exti.o
 .debug_line    0x000000000000361b      0x73a ./Drivers/STM32F3xx_HAL_Driver/Src/stm32f3xx_ll_gpio.o
 .debug_line    0x0000000000003d55      0x62c ./Drivers/STM32F3xx_HAL_Driver/Src/stm32f3xx_ll_i2c.o
 .debug_line    0x0000000000004381      0xba1 ./Drivers/STM32F3xx_HAL_Driver/Src/stm32f3xx_ll_tim.o
 .debug_line    0x0000000000004f22      0x913 ./Drivers/STM32F3xx_HAL_Driver/Src/stm32f3xx_ll_utils.o

.debug_str      0x0000000000000000    0x756c3
 .debug_str     0x0000000000000000    0x71641 ./Core/Src/gpio.o
                                      0x718e1 (size before relaxing)
 .debug_str     0x0000000000071641      0x308 ./Core/Src/i2c.o
                                      0x71a8c (size before relaxing)
 .debug_str     0x0000000000071949      0x32e ./Core/Src/main.o
                                      0x71aac (size before relaxing)
 .debug_str     0x0000000000071c77      0x141 ./Core/Src/stm32f3xx_it.o
                                      0x7134f (size before relaxing)
 .debug_str     0x0000000000071db8       0x5f ./Core/Src/system_stm32f3xx.o
                                      0x656fc (size before relaxing)
 .debug_str     0x0000000000071e17       0xeb ./Core/Src/tim.o
                                      0x71854 (size before relaxing)
 .debug_str     0x0000000000071f02       0x36 ./Core/Startup/startup_stm32f303k8tx.o
                                         0x5d (size before relaxing)
 .debug_str     0x0000000000071f38      0x477 ./Drivers/STM32F3xx_HAL_Driver/Src/stm32f3xx_ll_exti.o
                                      0x66030 (size before relaxing)
 .debug_str     0x00000000000723af      0x600 ./Drivers/STM32F3xx_HAL_Driver/Src/stm32f3xx_ll_gpio.o
                                      0x66a5f (size before relaxing)
 .debug_str     0x00000000000729af      0x3ed ./Drivers/STM32F3xx_HAL_Driver/Src/stm32f3xx_ll_i2c.o
                                      0x670c1 (size before relaxing)
 .debug_str     0x0000000000072d9c     0x1c0c ./Drivers/STM32F3xx_HAL_Driver/Src/stm32f3xx_ll_tim.o
                                      0x6b9af (size before relaxing)
 .debug_str     0x00000000000749a8      0xd1b ./Drivers/STM32F3xx_HAL_Driver/Src/stm32f3xx_ll_utils.o
                                      0x6a731 (size before relaxing)

.comment        0x0000000000000000       0x53
 .comment       0x0000000000000000       0x53 ./Core/Src/gpio.o
                                         0x54 (size before relaxing)
 .comment       0x0000000000000053       0x54 ./Core/Src/i2c.o
 .comment       0x0000000000000053       0x54 ./Core/Src/main.o
 .comment       0x0000000000000053       0x54 ./Core/Src/stm32f3xx_it.o
 .comment       0x0000000000000053       0x54 ./Core/Src/system_stm32f3xx.o
 .comment       0x0000000000000053       0x54 ./Core/Src/tim.o
 .comment       0x0000000000000053       0x54 ./Drivers/STM32F3xx_HAL_Driver/Src/stm32f3xx_ll_exti.o
 .comment       0x0000000000000053       0x54 ./Drivers/STM32F3xx_HAL_Driver/Src/stm32f3xx_ll_gpio.o
 .comment       0x0000000000000053       0x54 ./Drivers/STM32F3xx_HAL_Driver/Src/stm32f3xx_ll_i2c.o
 .comment       0x0000000000000053       0x54 ./Drivers/STM32F3xx_HAL_Driver/Src/stm32f3xx_ll_tim.o
 .comment       0x0000000000000053       0x54 ./Drivers/STM32F3xx_HAL_Driver/Src/stm32f3xx_ll_utils.o

.debug_frame    0x0000000000000000     0x1e3c
 .debug_frame   0x0000000000000000      0x194 ./Core/Src/gpio.o
 .debug_frame   0x0000000000000194      0x3e4 ./Core/Src/i2c.o
 .debug_frame   0x0000000000000578      0x498 ./Core/Src/main.o
 .debug_frame   0x0000000000000a10      0x174 ./Core/Src/stm32f3xx_it.o
 .debug_frame   0x0000000000000b84       0x58 ./Core/Src/system_stm32f3xx.o
 .debug_frame   0x0000000000000bdc      0x194 ./Core/Src/tim.o
 .debug_frame   0x0000000000000d70      0x2fc ./Drivers/STM32F3xx_HAL_Driver/Src/stm32f3xx_ll_exti.o
 .debug_frame   0x000000000000106c      0x1c0 ./Drivers/STM32F3xx_HAL_Driver/Src/stm32f3xx_ll_gpio.o
 .debug_frame   0x000000000000122c      0x238 ./Drivers/STM32F3xx_HAL_Driver/Src/stm32f3xx_ll_i2c.o
 .debug_frame   0x0000000000001464      0x5d0 ./Drivers/STM32F3xx_HAL_Driver/Src/stm32f3xx_ll_tim.o
 .debug_frame   0x0000000000001a34      0x3dc ./Drivers/STM32F3xx_HAL_Driver/Src/stm32f3xx_ll_utils.o
 .debug_frame   0x0000000000001e10       0x2c c:/st/stm32cubeide_1.7.0/stm32cubeide/plugins/com.st.stm32cube.ide.mcu.externaltools.gnu-tools-for-stm32.9-2020-q2-update.win32_2.0.0.202105311346/tools/bin/../lib/gcc/arm-none-eabi/9.3.1/../../../../arm-none-eabi/lib/thumb/v7e-m+fp/hard\libc_nano.a(lib_a-init.o)
