Archive member included to satisfy reference by file (symbol)

c:/st/stm32cubeide_1.7.0/stm32cubeide/plugins/com.st.stm32cube.ide.mcu.externaltools.gnu-tools-for-stm32.9-2020-q2-update.win32_2.0.0.202105311346/tools/bin/../lib/gcc/arm-none-eabi/9.3.1/../../../../arm-none-eabi/lib/thumb/v7e-m+fp/hard\libc_nano.a(lib_a-errno.o)
                              ./Core/Src/syscalls.o (__errno)
c:/st/stm32cubeide_1.7.0/stm32cubeide/plugins/com.st.stm32cube.ide.mcu.externaltools.gnu-tools-for-stm32.9-2020-q2-update.win32_2.0.0.202105311346/tools/bin/../lib/gcc/arm-none-eabi/9.3.1/../../../../arm-none-eabi/lib/thumb/v7e-m+fp/hard\libc_nano.a(lib_a-exit.o)
                              c:/st/stm32cubeide_1.7.0/stm32cubeide/plugins/com.st.stm32cube.ide.mcu.externaltools.gnu-tools-for-stm32.9-2020-q2-update.win32_2.0.0.202105311346/tools/bin/../lib/gcc/arm-none-eabi/9.3.1/../../../../arm-none-eabi/lib/thumb/v7e-m+fp/hard/crt0.o (exit)
c:/st/stm32cubeide_1.7.0/stm32cubeide/plugins/com.st.stm32cube.ide.mcu.externaltools.gnu-tools-for-stm32.9-2020-q2-update.win32_2.0.0.202105311346/tools/bin/../lib/gcc/arm-none-eabi/9.3.1/../../../../arm-none-eabi/lib/thumb/v7e-m+fp/hard\libc_nano.a(lib_a-impure.o)
                              c:/st/stm32cubeide_1.7.0/stm32cubeide/plugins/com.st.stm32cube.ide.mcu.externaltools.gnu-tools-for-stm32.9-2020-q2-update.win32_2.0.0.202105311346/tools/bin/../lib/gcc/arm-none-eabi/9.3.1/../../../../arm-none-eabi/lib/thumb/v7e-m+fp/hard\libc_nano.a(lib_a-exit.o) (_global_impure_ptr)
c:/st/stm32cubeide_1.7.0/stm32cubeide/plugins/com.st.stm32cube.ide.mcu.externaltools.gnu-tools-for-stm32.9-2020-q2-update.win32_2.0.0.202105311346/tools/bin/../lib/gcc/arm-none-eabi/9.3.1/../../../../arm-none-eabi/lib/thumb/v7e-m+fp/hard\libc_nano.a(lib_a-init.o)
                              c:/st/stm32cubeide_1.7.0/stm32cubeide/plugins/com.st.stm32cube.ide.mcu.externaltools.gnu-tools-for-stm32.9-2020-q2-update.win32_2.0.0.202105311346/tools/bin/../lib/gcc/arm-none-eabi/9.3.1/../../../../arm-none-eabi/lib/thumb/v7e-m+fp/hard/crt0.o (__libc_init_array)
c:/st/stm32cubeide_1.7.0/stm32cubeide/plugins/com.st.stm32cube.ide.mcu.externaltools.gnu-tools-for-stm32.9-2020-q2-update.win32_2.0.0.202105311346/tools/bin/../lib/gcc/arm-none-eabi/9.3.1/../../../../arm-none-eabi/lib/thumb/v7e-m+fp/hard\libc_nano.a(lib_a-memset.o)
                              c:/st/stm32cubeide_1.7.0/stm32cubeide/plugins/com.st.stm32cube.ide.mcu.externaltools.gnu-tools-for-stm32.9-2020-q2-update.win32_2.0.0.202105311346/tools/bin/../lib/gcc/arm-none-eabi/9.3.1/../../../../arm-none-eabi/lib/thumb/v7e-m+fp/hard/crt0.o (memset)
c:/st/stm32cubeide_1.7.0/stm32cubeide/plugins/com.st.stm32cube.ide.mcu.externaltools.gnu-tools-for-stm32.9-2020-q2-update.win32_2.0.0.202105311346/tools/bin/../lib/gcc/arm-none-eabi/9.3.1/../../../../arm-none-eabi/lib/thumb/v7e-m+fp/hard\libc_nano.a(lib_a-strlen.o)
                              ./Core/Src/main.o (strlen)
c:/st/stm32cubeide_1.7.0/stm32cubeide/plugins/com.st.stm32cube.ide.mcu.externaltools.gnu-tools-for-stm32.9-2020-q2-update.win32_2.0.0.202105311346/tools/bin/../lib/gcc/arm-none-eabi/9.3.1/../../../../arm-none-eabi/lib/thumb/v7e-m+fp/hard\libm.a(lib_a-w_pow.o)
                              ./Core/Src/LPS25HB.o (pow)
c:/st/stm32cubeide_1.7.0/stm32cubeide/plugins/com.st.stm32cube.ide.mcu.externaltools.gnu-tools-for-stm32.9-2020-q2-update.win32_2.0.0.202105311346/tools/bin/../lib/gcc/arm-none-eabi/9.3.1/../../../../arm-none-eabi/lib/thumb/v7e-m+fp/hard\libm.a(lib_a-e_pow.o)
                              c:/st/stm32cubeide_1.7.0/stm32cubeide/plugins/com.st.stm32cube.ide.mcu.externaltools.gnu-tools-for-stm32.9-2020-q2-update.win32_2.0.0.202105311346/tools/bin/../lib/gcc/arm-none-eabi/9.3.1/../../../../arm-none-eabi/lib/thumb/v7e-m+fp/hard\libm.a(lib_a-w_pow.o) (__ieee754_pow)
c:/st/stm32cubeide_1.7.0/stm32cubeide/plugins/com.st.stm32cube.ide.mcu.externaltools.gnu-tools-for-stm32.9-2020-q2-update.win32_2.0.0.202105311346/tools/bin/../lib/gcc/arm-none-eabi/9.3.1/../../../../arm-none-eabi/lib/thumb/v7e-m+fp/hard\libm.a(lib_a-e_sqrt.o)
                              c:/st/stm32cubeide_1.7.0/stm32cubeide/plugins/com.st.stm32cube.ide.mcu.externaltools.gnu-tools-for-stm32.9-2020-q2-update.win32_2.0.0.202105311346/tools/bin/../lib/gcc/arm-none-eabi/9.3.1/../../../../arm-none-eabi/lib/thumb/v7e-m+fp/hard\libm.a(lib_a-e_pow.o) (__ieee754_sqrt)
c:/st/stm32cubeide_1.7.0/stm32cubeide/plugins/com.st.stm32cube.ide.mcu.externaltools.gnu-tools-for-stm32.9-2020-q2-update.win32_2.0.0.202105311346/tools/bin/../lib/gcc/arm-none-eabi/9.3.1/../../../../arm-none-eabi/lib/thumb/v7e-m+fp/hard\libm.a(lib_a-s_fabs.o)
                              c:/st/stm32cubeide_1.7.0/stm32cubeide/plugins/com.st.stm32cube.ide.mcu.externaltools.gnu-tools-for-stm32.9-2020-q2-update.win32_2.0.0.202105311346/tools/bin/../lib/gcc/arm-none-eabi/9.3.1/../../../../arm-none-eabi/lib/thumb/v7e-m+fp/hard\libm.a(lib_a-e_pow.o) (fabs)
[...]
Memory Configuration

Name             Origin             Length             Attributes
CCMRAM           0x0000000010000000 0x0000000000001000 xrw
RAM              0x0000000020000000 0x0000000000003000 xrw
FLASH            0x0000000008000000 0x0000000000010000 xr
*default*        0x0000000000000000 0xffffffffffffffff

Linker script and memory map

LOAD c:/st/stm32cubeide_1.7.0/stm32cubeide/plugins/com.st.stm32cube.ide.mcu.externaltools.gnu-tools-for-stm32.9-2020-q2-update.win32_2.0.0.202105311346/tools/bin/../lib/gcc/arm-none-eabi/9.3.1/thumb/v7e-m+fp/hard/crti.o
LOAD c:/st/stm32cubeide_1.7.0/stm32cubeide/plugins/com.st.stm32cube.ide.mcu.externaltools.gnu-tools-for-stm32.9-2020-q2-update.win32_2.0.0.202105311346/tools/bin/../lib/gcc/arm-none-eabi/9.3.1/thumb/v7e-m+fp/hard/crtbegin.o
LOAD c:/st/stm32cubeide_1.7.0/stm32cubeide/plugins/com.st.stm32cube.ide.mcu.externaltools.gnu-tools-for-stm32.9-2020-q2-update.win32_2.0.0.202105311346/tools/bin/../lib/gcc/arm-none-eabi/9.3.1/../../../../arm-none-eabi/lib/thumb/v7e-m+fp/hard/crt0.o
LOAD ./Core/Src/HTS221.o
LOAD ./Core/Src/LPS25HB.o
LOAD ./Core/Src/gpio.o
LOAD ./Core/Src/i2c.o
LOAD ./Core/Src/main.o
LOAD ./Core/Src/stm32f3xx_it.o
LOAD ./Core/Src/syscalls.o
LOAD ./Core/Src/sysmem.o
LOAD ./Core/Src/system_stm32f3xx.o
LOAD ./Core/Src/tim.o
LOAD ./Core/Startup/startup_stm32f303k8tx.o
LOAD ./Drivers/STM32F3xx_HAL_Driver/Src/stm32f3xx_ll_dma.o
LOAD ./Drivers/STM32F3xx_HAL_Driver/Src/stm32f3xx_ll_exti.o
LOAD ./Drivers/STM32F3xx_HAL_Driver/Src/stm32f3xx_ll_gpio.o
LOAD ./Drivers/STM32F3xx_HAL_Driver/Src/stm32f3xx_ll_i2c.o
LOAD ./Drivers/STM32F3xx_HAL_Driver/Src/stm32f3xx_ll_rcc.o
LOAD ./Drivers/STM32F3xx_HAL_Driver/Src/stm32f3xx_ll_tim.o
LOAD ./Drivers/STM32F3xx_HAL_Driver/Src/stm32f3xx_ll_utils.o
START GROUP
LOAD c:/st/stm32cubeide_1.7.0/stm32cubeide/plugins/com.st.stm32cube.ide.mcu.externaltools.gnu-tools-for-stm32.9-2020-q2-update.win32_2.0.0.202105311346/tools/bin/../lib/gcc/arm-none-eabi/9.3.1/../../../../arm-none-eabi/lib/thumb/v7e-m+fp/hard\libc_nano.a
LOAD c:/st/stm32cubeide_1.7.0/stm32cubeide/plugins/com.st.stm32cube.ide.mcu.externaltools.gnu-tools-for-stm32.9-2020-q2-update.win32_2.0.0.202105311346/tools/bin/../lib/gcc/arm-none-eabi/9.3.1/../../../../arm-none-eabi/lib/thumb/v7e-m+fp/hard\libm.a
END GROUP
START GROUP
LOAD c:/st/stm32cubeide_1.7.0/stm32cubeide/plugins/com.st.stm32cube.ide.mcu.externaltools.gnu-tools-for-stm32.9-2020-q2-update.win32_2.0.0.202105311346/tools/bin/../lib/gcc/arm-none-eabi/9.3.1/thumb/v7e-m+fp/hard\libgcc.a
LOAD c:/st/stm32cubeide_1.7.0/stm32cubeide/plugins/com.st.stm32cube.ide.mcu.externaltools.gnu-tools-for-stm32.9-2020-q2-update.win32_2.0.0.202105311346/tools/bin/../lib/gcc/arm-none-eabi/9.3.1/../../../../arm-none-eabi/lib/thumb/v7e-m+fp/hard\libc_nano.a
END GROUP
START GROUP
LOAD c:/st/stm32cubeide_1.7.0/stm32cubeide/plugins/com.st.stm32cube.ide.mcu.externaltools.gnu-tools-for-stm32.9-2020-q2-update.win32_2.0.0.202105311346/tools/bin/../lib/gcc/arm-none-eabi/9.3.1/thumb/v7e-m+fp/hard\libgcc.a
LOAD c:/st/stm32cubeide_1.7.0/stm32cubeide/plugins/com.st.stm32cube.ide.mcu.externaltools.gnu-tools-for-stm32.9-2020-q2-update.win32_2.0.0.202105311346/tools/bin/../lib/gcc/arm-none-eabi/9.3.1/../../../../arm-none-eabi/lib/thumb/v7e-m+fp/hard\libc_nano.a
LOAD c:/st/stm32cubeide_1.7.0/stm32cubeide/plugins/com.st.stm32cube.ide.mcu.externaltools.gnu-tools-for-stm32.9-2020-q2-update.win32_2.0.0.202105311346/tools/bin/../lib/gcc/arm-none-eabi/9.3.1/../../../../arm-none-eabi/lib/thumb/v7e-m+fp/hard\libnosys.a
END GROUP
START GROUP
LOAD c:/st/stm32cubeide_1.7.0/stm32cubeide/plugins/com.st.stm32cube.ide.mcu.externaltools.gnu-tools-for-stm32.9-2020-q2-update.win32_2.0.0.202105311346/tools/bin/../lib/gcc/arm-none-eabi/9.3.1/thumb/v7e-m+fp/hard\libgcc.a
LOAD c:/st/stm32cubeide_1.7.0/stm32cubeide/plugins/com.st.stm32cube.ide.mcu.externaltools.gnu-tools-for-stm32.9-2020-q2-update.win32_2.0.0.202105311346/tools/bin/../lib/gcc/arm-none-eabi/9.3.1/../../../../arm-none-eabi/lib/thumb/v7e-m+fp/hard\libc_nano.a
LOAD c:/st/stm32cubeide_1.7.0/stm32cubeide/plugins/com.st.stm32cube.ide.mcu.externaltools.gnu-tools-for-stm32.9-2020-q2-update.win32_2.0.0.202105311346/tools/bin/../lib/gcc/arm-none-eabi/9.3.1/../../../../arm-none-eabi/lib/thumb/v7e-m+fp/hard\libnosys.a
END GROUP
LOAD c:/st/stm32cubeide_1.7.0/stm32cubeide/plugins/com.st.stm32cube.ide.mcu.externaltools.gnu-tools-for-stm32.9-2020-q2-update.win32_2.0.0.202105311346/tools/bin/../lib/gcc/arm-none-eabi/9.3.1/thumb/v7e-m+fp/hard/crtend.o
LOAD c:/st/stm32cubeide_1.7.0/stm32cubeide/plugins/com.st.stm32cube.ide.mcu.externaltools.gnu-tools-for-stm32.9-2020-q2-update.win32_2.0.0.202105311346/tools/bin/../lib/gcc/arm-none-eabi/9.3.1/thumb/v7e-m+fp/hard/crtn.o
                0x0000000020003000                _estack = (ORIGIN (RAM) + LENGTH (RAM))
                0x0000000000000200                _Min_Heap_Size = 0x200
                0x0000000000000400                _Min_Stack_Size = 0x400

.isr_vector     0x0000000008000000      0x188
                0x0000000008000000                . = ALIGN (0x4)
 *(.isr_vector)
 .isr_vector    0x0000000008000000      0x188 ./Core/Startup/startup_stm32f303k8tx.o
                0x0000000008000000                g_pfnVectors
                0x0000000008000188                . = ALIGN (0x4)

.text           0x0000000008000188     0x22e8
                0x0000000008000188                . = ALIGN (0x4)
 *(.text)
 .text          0x0000000008000188       0x40 c:/st/stm32cubeide_1.7.0/stm32cubeide/plugins/com.st.stm32cube.ide.mcu.externaltools.gnu-tools-for-stm32.9-2020-q2-update.win32_2.0.0.202105311346/tools/bin/../lib/gcc/arm-none-eabi/9.3.1/thumb/v7e-m+fp/hard/crtbegin.o
 .text          0x00000000080001c8       0x10 c:/st/stm32cubeide_1.7.0/stm32cubeide/plugins/com.st.stm32cube.ide.mcu.externaltools.gnu-tools-for-stm32.9-2020-q2-update.win32_2.0.0.202105311346/tools/bin/../lib/gcc/arm-none-eabi/9.3.1/../../../../arm-none-eabi/lib/thumb/v7e-m+fp/hard\libc_nano.a(lib_a-strlen.o)
                0x00000000080001c8                strlen
 *(.text*)
 .text.lps25hb_write_byte
                0x00000000080001d8       0x2c ./Core/Src/LPS25HB.o
                0x00000000080001d8                lps25hb_write_byte
 .text.lps25hb_read_byte
                0x0000000008000204       0x34 ./Core/Src/LPS25HB.o
                0x0000000008000204                lps25hb_read_byte
 .text.lps25hb_init
                0x0000000008000238       0x64 ./Core/Src/LPS25HB.o
                0x0000000008000238                lps25hb_init
 .text.__NVIC_GetPriorityGrouping
                0x000000000800029c       0x1c ./Core/Src/gpio.o
 .text.__NVIC_EnableIRQ
                0x00000000080002b8       0x3c ./Core/Src/gpio.o
 .text.__NVIC_SetPriority
                0x00000000080002f4       0x54 ./Core/Src/gpio.o
 .text.NVIC_EncodePriority
                0x0000000008000348       0x66 ./Core/Src/gpio.o
 *fill*         0x00000000080003ae        0x2 
 .text.LL_AHB1_GRP1_EnableClock
                0x00000000080003b0       0x30 ./Core/Src/gpio.o
 .text.LL_SYSCFG_SetEXTISource
                0x00000000080003e0       0x5c ./Core/Src/gpio.o
 .text.LL_GPIO_SetPinMode
                0x000000000800043c       0x5e ./Core/Src/gpio.o
 .text.LL_GPIO_SetPinPull
                0x000000000800049a       0x5e ./Core/Src/gpio.o
 .text.LL_GPIO_ResetOutputPin
                0x00000000080004f8       0x1c ./Core/Src/gpio.o
 .text.MX_GPIO_Init
                0x0000000008000514       0xf4 ./Core/Src/gpio.o
                0x0000000008000514                MX_GPIO_Init
 .text.__NVIC_GetPriorityGrouping
                0x0000000008000608       0x1c ./Core/Src/i2c.o
 .text.__NVIC_EnableIRQ
                0x0000000008000624       0x3c ./Core/Src/i2c.o
 .text.__NVIC_SetPriority
                0x0000000008000660       0x54 ./Core/Src/i2c.o
 .text.NVIC_EncodePriority
                0x00000000080006b4       0x66 ./Core/Src/i2c.o
 .text.LL_I2C_Enable
                0x000000000800071a       0x20 ./Core/Src/i2c.o
 .text.LL_I2C_EnableClockStretching
                0x000000000800073a       0x20 ./Core/Src/i2c.o
 .text.LL_I2C_DisableGeneralCall
                0x000000000800075a       0x20 ./Core/Src/i2c.o
 .text.LL_I2C_SetOwnAddress2
                0x000000000800077a       0x30 ./Core/Src/i2c.o
 .text.LL_I2C_DisableOwnAddress2
                0x00000000080007aa       0x20 ./Core/Src/i2c.o
 .text.LL_I2C_EnableIT_RX
                0x00000000080007ca       0x20 ./Core/Src/i2c.o
 .text.LL_I2C_DisableIT_RX
                0x00000000080007ea       0x20 ./Core/Src/i2c.o
 .text.LL_I2C_IsActiveFlag_TXIS
                0x000000000800080a       0x26 ./Core/Src/i2c.o
 .text.LL_I2C_IsActiveFlag_RXNE
                0x0000000008000830       0x26 ./Core/Src/i2c.o
 .text.LL_I2C_IsActiveFlag_STOP
                0x0000000008000856       0x26 ./Core/Src/i2c.o
 .text.LL_I2C_ClearFlag_STOP
                0x000000000800087c       0x20 ./Core/Src/i2c.o
 .text.LL_I2C_EnableAutoEndMode
                0x000000000800089c       0x20 ./Core/Src/i2c.o
 .text.LL_I2C_HandleTransfer
                0x00000000080008bc       0x4c ./Core/Src/i2c.o
 .text.LL_I2C_ReceiveData8
                0x0000000008000908       0x1a ./Core/Src/i2c.o
 .text.LL_I2C_TransmitData8
                0x0000000008000922       0x1e ./Core/Src/i2c.o
 .text.LL_AHB1_GRP1_EnableClock
                0x0000000008000940       0x30 ./Core/Src/i2c.o
 .text.LL_APB1_GRP1_EnableClock
                0x0000000008000970       0x30 ./Core/Src/i2c.o
 .text.MX_I2C1_Init
                0x00000000080009a0       0xe0 ./Core/Src/i2c.o
                0x00000000080009a0                MX_I2C1_Init
 .text.i2c_master_write
                0x0000000008000a80       0x88 ./Core/Src/i2c.o
                0x0000000008000a80                i2c_master_write
 .text.i2c_master_read
                0x0000000008000b08       0xf4 ./Core/Src/i2c.o
                0x0000000008000b08                i2c_master_read
 .text.I2C1_EV_IRQHandler
                0x0000000008000bfc       0x60 ./Core/Src/i2c.o
                0x0000000008000bfc                I2C1_EV_IRQHandler
 .text.__NVIC_SetPriorityGrouping
                0x0000000008000c5c       0x48 ./Core/Src/main.o
 .text.__NVIC_GetPriorityGrouping
                0x0000000008000ca4       0x1c ./Core/Src/main.o
 .text.__NVIC_SetPriority
                0x0000000008000cc0       0x54 ./Core/Src/main.o
 .text.NVIC_EncodePriority
                0x0000000008000d14       0x66 ./Core/Src/main.o
 *fill*         0x0000000008000d7a        0x2 
 .text.LL_RCC_HSI_Enable
                0x0000000008000d7c       0x20 ./Core/Src/main.o
 .text.LL_RCC_HSI_IsReady
                0x0000000008000d9c       0x24 ./Core/Src/main.o
 .text.LL_RCC_HSI_SetCalibTrimming
                0x0000000008000dc0       0x2c ./Core/Src/main.o
 .text.LL_RCC_SetSysClkSource
                0x0000000008000dec       0x28 ./Core/Src/main.o
 .text.LL_RCC_GetSysClkSource
                0x0000000008000e14       0x1c ./Core/Src/main.o
 .text.LL_RCC_SetAHBPrescaler
                0x0000000008000e30       0x28 ./Core/Src/main.o
 .text.LL_RCC_SetAPB1Prescaler
                0x0000000008000e58       0x28 ./Core/Src/main.o
 .text.LL_RCC_SetAPB2Prescaler
                0x0000000008000e80       0x28 ./Core/Src/main.o
 .text.LL_RCC_SetI2CClockSource
                0x0000000008000ea8       0x30 ./Core/Src/main.o
 .text.LL_APB1_GRP1_EnableClock
                0x0000000008000ed8       0x30 ./Core/Src/main.o
 .text.LL_APB2_GRP1_EnableClock
                0x0000000008000f08       0x30 ./Core/Src/main.o
 .text.LL_FLASH_SetLatency
                0x0000000008000f38       0x28 ./Core/Src/main.o
 .text.LL_FLASH_GetLatency
                0x0000000008000f60       0x1c ./Core/Src/main.o
 .text.LL_TIM_EnableCounter
                0x0000000008000f7c       0x20 ./Core/Src/main.o
 .text.LL_TIM_ClearFlag_UPDATE
                0x0000000008000f9c       0x1c ./Core/Src/main.o
 .text.LL_TIM_IsActiveFlag_UPDATE
                0x0000000008000fb8       0x26 ./Core/Src/main.o
 .text.LL_TIM_EnableIT_UPDATE
                0x0000000008000fde       0x20 ./Core/Src/main.o
 .text.LL_GPIO_IsInputPinSet
                0x0000000008000ffe       0x2a ./Core/Src/main.o
 .text.LL_GPIO_SetOutputPin
                0x0000000008001028       0x1c ./Core/Src/main.o
 .text.LL_GPIO_ResetOutputPin
                0x0000000008001044       0x1c ./Core/Src/main.o
 .text.resetSegments
                0x0000000008001060       0x5c ./Core/Src/main.o
                0x0000000008001060                resetSegments
 .text.resetDigits
                0x00000000080010bc       0x40 ./Core/Src/main.o
                0x00000000080010bc                resetDigits
 .text.decode_7seg
                0x00000000080010fc       0x2c ./Core/Src/main.o
                0x00000000080010fc                decode_7seg
 .text.display_symbol
                0x0000000008001128      0x14c ./Core/Src/main.o
                0x0000000008001128                display_symbol
 .text.main     0x0000000008001274      0x114 ./Core/Src/main.o
                0x0000000008001274                main
 .text.SystemClock_Config
                0x0000000008001388       0x6c ./Core/Src/main.o
                0x0000000008001388                SystemClock_Config
 .text.checkButtonState
                0x00000000080013f4       0x96 ./Core/Src/main.o
                0x00000000080013f4                checkButtonState
 *fill*         0x000000000800148a        0x2 
 .text.updateDisplay
                0x000000000800148c       0x64 ./Core/Src/main.o
                0x000000000800148c                updateDisplay
 .text.TIM2_IRQHandler
                0x00000000080014f0       0x8c ./Core/Src/main.o
                0x00000000080014f0                TIM2_IRQHandler
 .text.EXTI3_IRQHandler
                0x000000000800157c       0x68 ./Core/Src/main.o
                0x000000000800157c                EXTI3_IRQHandler
 .text.NMI_Handler
                0x00000000080015e4        0x6 ./Core/Src/stm32f3xx_it.o
                0x00000000080015e4                NMI_Handler
 .text.HardFault_Handler
                0x00000000080015ea        0x6 ./Core/Src/stm32f3xx_it.o
                0x00000000080015ea                HardFault_Handler
 .text.MemManage_Handler
                0x00000000080015f0        0x6 ./Core/Src/stm32f3xx_it.o
                0x00000000080015f0                MemManage_Handler
 .text.BusFault_Handler
                0x00000000080015f6        0x6 ./Core/Src/stm32f3xx_it.o
                0x00000000080015f6                BusFault_Handler
 .text.UsageFault_Handler
                0x00000000080015fc        0x6 ./Core/Src/stm32f3xx_it.o
                0x00000000080015fc                UsageFault_Handler
 .text.SVC_Handler
                0x0000000008001602        0xe ./Core/Src/stm32f3xx_it.o
                0x0000000008001602                SVC_Handler
 .text.DebugMon_Handler
                0x0000000008001610        0xe ./Core/Src/stm32f3xx_it.o
                0x0000000008001610                DebugMon_Handler
 .text.PendSV_Handler
                0x000000000800161e        0xe ./Core/Src/stm32f3xx_it.o
                0x000000000800161e                PendSV_Handler
 .text.SysTick_Handler
                0x000000000800162c        0xe ./Core/Src/stm32f3xx_it.o
                0x000000000800162c                SysTick_Handler
 *fill*         0x000000000800163a        0x2 
 .text.SystemInit
                0x000000000800163c       0x24 ./Core/Src/system_stm32f3xx.o
                0x000000000800163c                SystemInit
 .text.__NVIC_GetPriorityGrouping
                0x0000000008001660       0x1c ./Core/Src/tim.o
 .text.__NVIC_EnableIRQ
                0x000000000800167c       0x3c ./Core/Src/tim.o
 .text.__NVIC_SetPriority
                0x00000000080016b8       0x54 ./Core/Src/tim.o
 .text.NVIC_EncodePriority
                0x000000000800170c       0x66 ./Core/Src/tim.o
 *fill*         0x0000000008001772        0x2 
 .text.LL_APB1_GRP1_EnableClock
                0x0000000008001774       0x30 ./Core/Src/tim.o
 .text.LL_TIM_DisableARRPreload
                0x00000000080017a4       0x20 ./Core/Src/tim.o
 .text.LL_TIM_SetClockSource
                0x00000000080017c4       0x2a ./Core/Src/tim.o
 .text.LL_TIM_SetTriggerOutput
                0x00000000080017ee       0x26 ./Core/Src/tim.o
 .text.LL_TIM_DisableMasterSlaveMode
                0x0000000008001814       0x20 ./Core/Src/tim.o
 .text.MX_TIM2_Init
                0x0000000008001834       0x84 ./Core/Src/tim.o
                0x0000000008001834                MX_TIM2_Init
 .text.Reset_Handler
                0x00000000080018b8       0x50 ./Core/Startup/startup_stm32f303k8tx.o
                0x00000000080018b8                Reset_Handler
 .text.Default_Handler
                0x0000000008001908        0x2 ./Core/Startup/startup_stm32f303k8tx.o
                0x0000000008001908                RTC_Alarm_IRQHandler
                0x0000000008001908                TIM1_CC_IRQHandler
                0x0000000008001908                PVD_IRQHandler
                0x0000000008001908                TAMP_STAMP_IRQHandler
                0x0000000008001908                EXTI0_IRQHandler
                0x0000000008001908                FPU_IRQHandler
                0x0000000008001908                CAN_TX_IRQHandler
                0x0000000008001908                TIM1_UP_TIM16_IRQHandler
                0x0000000008001908                ADC1_2_IRQHandler
                0x0000000008001908                SPI1_IRQHandler
                0x0000000008001908                CAN_SCE_IRQHandler
                0x0000000008001908                DMA1_Channel4_IRQHandler
                0x0000000008001908                USART3_IRQHandler
                0x0000000008001908                DMA1_Channel7_IRQHandler
                0x0000000008001908                TIM7_DAC2_IRQHandler
                0x0000000008001908                CAN_RX1_IRQHandler
                0x0000000008001908                DMA1_Channel6_IRQHandler
                0x0000000008001908                TIM3_IRQHandler
                0x0000000008001908                RCC_IRQHandler
                0x0000000008001908                DMA1_Channel1_IRQHandler
                0x0000000008001908                Default_Handler
                0x0000000008001908                EXTI15_10_IRQHandler
                0x0000000008001908                COMP2_IRQHandler
                0x0000000008001908                TIM6_DAC1_IRQHandler
                0x0000000008001908                EXTI9_5_IRQHandler
                0x0000000008001908                RTC_WKUP_IRQHandler
                0x0000000008001908                DMA1_Channel5_IRQHandler
                0x0000000008001908                EXTI4_IRQHandler
                0x0000000008001908                TIM1_TRG_COM_TIM17_IRQHandler
                0x0000000008001908                DMA1_Channel3_IRQHandler
                0x0000000008001908                WWDG_IRQHandler
                0x0000000008001908                EXTI1_IRQHandler
                0x0000000008001908                COMP4_6_IRQHandler
                0x0000000008001908                USART2_IRQHandler
                0x0000000008001908                DMA1_Channel2_IRQHandler
                0x0000000008001908                FLASH_IRQHandler
                0x0000000008001908                USART1_IRQHandler
                0x0000000008001908                CAN_RX0_IRQHandler
                0x0000000008001908                I2C1_ER_IRQHandler
                0x0000000008001908                EXTI2_TSC_IRQHandler
                0x0000000008001908                TIM1_BRK_TIM15_IRQHandler
 *fill*         0x000000000800190a        0x2 
 .text.LL_EXTI_EnableIT_0_31
                0x000000000800190c       0x24 ./Drivers/STM32F3xx_HAL_Driver/Src/stm32f3xx_ll_exti.o
 .text.LL_EXTI_EnableIT_32_63
                0x0000000008001930       0x24 ./Drivers/STM32F3xx_HAL_Driver/Src/stm32f3xx_ll_exti.o
 .text.LL_EXTI_DisableIT_0_31
                0x0000000008001954       0x28 ./Drivers/STM32F3xx_HAL_Driver/Src/stm32f3xx_ll_exti.o
 .text.LL_EXTI_DisableIT_32_63
                0x000000000800197c       0x28 ./Drivers/STM32F3xx_HAL_Driver/Src/stm32f3xx_ll_exti.o
 .text.LL_EXTI_EnableEvent_0_31
                0x00000000080019a4       0x24 ./Drivers/STM32F3xx_HAL_Driver/Src/stm32f3xx_ll_exti.o
 .text.LL_EXTI_EnableEvent_32_63
                0x00000000080019c8       0x24 ./Drivers/STM32F3xx_HAL_Driver/Src/stm32f3xx_ll_exti.o
 .text.LL_EXTI_DisableEvent_0_31
                0x00000000080019ec       0x28 ./Drivers/STM32F3xx_HAL_Driver/Src/stm32f3xx_ll_exti.o
 .text.LL_EXTI_DisableEvent_32_63
                0x0000000008001a14       0x28 ./Drivers/STM32F3xx_HAL_Driver/Src/stm32f3xx_ll_exti.o
 .text.LL_EXTI_EnableRisingTrig_0_31
                0x0000000008001a3c       0x24 ./Drivers/STM32F3xx_HAL_Driver/Src/stm32f3xx_ll_exti.o
 .text.LL_EXTI_EnableRisingTrig_32_63
                0x0000000008001a60       0x24 ./Drivers/STM32F3xx_HAL_Driver/Src/stm32f3xx_ll_exti.o
 .text.LL_EXTI_DisableRisingTrig_0_31
                0x0000000008001a84       0x28 ./Drivers/STM32F3xx_HAL_Driver/Src/stm32f3xx_ll_exti.o
 .text.LL_EXTI_DisableRisingTrig_32_63
                0x0000000008001aac       0x28 ./Drivers/STM32F3xx_HAL_Driver/Src/stm32f3xx_ll_exti.o
 .text.LL_EXTI_EnableFallingTrig_0_31
                0x0000000008001ad4       0x24 ./Drivers/STM32F3xx_HAL_Driver/Src/stm32f3xx_ll_exti.o
 .text.LL_EXTI_EnableFallingTrig_32_63
                0x0000000008001af8       0x24 ./Drivers/STM32F3xx_HAL_Driver/Src/stm32f3xx_ll_exti.o
 .text.LL_EXTI_DisableFallingTrig_0_31
                0x0000000008001b1c       0x28 ./Drivers/STM32F3xx_HAL_Driver/Src/stm32f3xx_ll_exti.o
 .text.LL_EXTI_DisableFallingTrig_32_63
                0x0000000008001b44       0x28 ./Drivers/STM32F3xx_HAL_Driver/Src/stm32f3xx_ll_exti.o
 .text.LL_EXTI_Init
                0x0000000008001b6c      0x1e6 ./Drivers/STM32F3xx_HAL_Driver/Src/stm32f3xx_ll_exti.o
                0x0000000008001b6c                LL_EXTI_Init
 .text.LL_GPIO_SetPinMode
                0x0000000008001d52       0x5e ./Drivers/STM32F3xx_HAL_Driver/Src/stm32f3xx_ll_gpio.o
 .text.LL_GPIO_SetPinOutputType
                0x0000000008001db0       0x30 ./Drivers/STM32F3xx_HAL_Driver/Src/stm32f3xx_ll_gpio.o
 .text.LL_GPIO_SetPinSpeed
                0x0000000008001de0       0x5e ./Drivers/STM32F3xx_HAL_Driver/Src/stm32f3xx_ll_gpio.o
 .text.LL_GPIO_SetPinPull
                0x0000000008001e3e       0x5e ./Drivers/STM32F3xx_HAL_Driver/Src/stm32f3xx_ll_gpio.o
 .text.LL_GPIO_SetAFPin_0_7
                0x0000000008001e9c       0x5e ./Drivers/STM32F3xx_HAL_Driver/Src/stm32f3xx_ll_gpio.o
 .text.LL_GPIO_SetAFPin_8_15
                0x0000000008001efa       0x62 ./Drivers/STM32F3xx_HAL_Driver/Src/stm32f3xx_ll_gpio.o
 .text.LL_GPIO_Init
                0x0000000008001f5c       0xe0 ./Drivers/STM32F3xx_HAL_Driver/Src/stm32f3xx_ll_gpio.o
                0x0000000008001f5c                LL_GPIO_Init
 .text.LL_I2C_Enable
                0x000000000800203c       0x20 ./Drivers/STM32F3xx_HAL_Driver/Src/stm32f3xx_ll_i2c.o
 .text.LL_I2C_Disable
                0x000000000800205c       0x20 ./Drivers/STM32F3xx_HAL_Driver/Src/stm32f3xx_ll_i2c.o
 .text.LL_I2C_ConfigFilters
                0x000000000800207c       0x2e ./Drivers/STM32F3xx_HAL_Driver/Src/stm32f3xx_ll_i2c.o
 .text.LL_I2C_SetOwnAddress1
                0x00000000080020aa       0x30 ./Drivers/STM32F3xx_HAL_Driver/Src/stm32f3xx_ll_i2c.o
 .text.LL_I2C_EnableOwnAddress1
                0x00000000080020da       0x20 ./Drivers/STM32F3xx_HAL_Driver/Src/stm32f3xx_ll_i2c.o
 .text.LL_I2C_DisableOwnAddress1
                0x00000000080020fa       0x20 ./Drivers/STM32F3xx_HAL_Driver/Src/stm32f3xx_ll_i2c.o
 .text.LL_I2C_SetTiming
                0x000000000800211a       0x1c ./Drivers/STM32F3xx_HAL_Driver/Src/stm32f3xx_ll_i2c.o
 .text.LL_I2C_SetMode
                0x0000000008002136       0x26 ./Drivers/STM32F3xx_HAL_Driver/Src/stm32f3xx_ll_i2c.o
 .text.LL_I2C_AcknowledgeNextData
                0x000000000800215c       0x26 ./Drivers/STM32F3xx_HAL_Driver/Src/stm32f3xx_ll_i2c.o
 .text.LL_I2C_Init
                0x0000000008002182       0x78 ./Drivers/STM32F3xx_HAL_Driver/Src/stm32f3xx_ll_i2c.o
                0x0000000008002182                LL_I2C_Init
 .text.LL_TIM_SetPrescaler
                0x00000000080021fa       0x1c ./Drivers/STM32F3xx_HAL_Driver/Src/stm32f3xx_ll_tim.o
 .text.LL_TIM_SetAutoReload
                0x0000000008002216       0x1c ./Drivers/STM32F3xx_HAL_Driver/Src/stm32f3xx_ll_tim.o
 .text.LL_TIM_SetRepetitionCounter
                0x0000000008002232       0x1c ./Drivers/STM32F3xx_HAL_Driver/Src/stm32f3xx_ll_tim.o
 .text.LL_TIM_GenerateEvent_UPDATE
                0x000000000800224e       0x20 ./Drivers/STM32F3xx_HAL_Driver/Src/stm32f3xx_ll_tim.o
 *fill*         0x000000000800226e        0x2 
 .text.LL_TIM_Init
                0x0000000008002270       0xe4 ./Drivers/STM32F3xx_HAL_Driver/Src/stm32f3xx_ll_tim.o
                0x0000000008002270                LL_TIM_Init
 .text.LL_InitTick
                0x0000000008002354       0x34 ./Drivers/STM32F3xx_HAL_Driver/Src/stm32f3xx_ll_utils.o
 .text.LL_Init1msTick
                0x0000000008002388       0x1a ./Drivers/STM32F3xx_HAL_Driver/Src/stm32f3xx_ll_utils.o
                0x0000000008002388                LL_Init1msTick
 *fill*         0x00000000080023a2        0x2 
 .text.LL_mDelay
                0x00000000080023a4       0x4c ./Drivers/STM32F3xx_HAL_Driver/Src/stm32f3xx_ll_utils.o
                0x00000000080023a4                LL_mDelay
 .text.LL_SetSystemCoreClock
                0x00000000080023f0       0x20 ./Drivers/STM32F3xx_HAL_Driver/Src/stm32f3xx_ll_utils.o
                0x00000000080023f0                LL_SetSystemCoreClock
 .text.__libc_init_array
                0x0000000008002410       0x48 c:/st/stm32cubeide_1.7.0/stm32cubeide/plugins/com.st.stm32cube.ide.mcu.externaltools.gnu-tools-for-stm32.9-2020-q2-update.win32_2.0.0.202105311346/tools/bin/../lib/gcc/arm-none-eabi/9.3.1/../../../../arm-none-eabi/lib/thumb/v7e-m+fp/hard\libc_nano.a(lib_a-init.o)
                0x0000000008002410                __libc_init_array
 *(.glue_7)
 .glue_7        0x0000000008002458        0x0 linker stubs
 *(.glue_7t)
 .glue_7t       0x0000000008002458        0x0 linker stubs
 *(.eh_frame)
 .eh_frame      0x0000000008002458        0x0 c:/st/stm32cubeide_1.7.0/stm32cubeide/plugins/com.st.stm32cube.ide.mcu.externaltools.gnu-tools-for-stm32.9-2020-q2-update.win32_2.0.0.202105311346/tools/bin/../lib/gcc/arm-none-eabi/9.3.1/thumb/v7e-m+fp/hard/crtbegin.o
 *(.init)
 .init          0x0000000008002458        0x4 c:/st/stm32cubeide_1.7.0/stm32cubeide/plugins/com.st.stm32cube.ide.mcu.externaltools.gnu-tools-for-stm32.9-2020-q2-update.win32_2.0.0.202105311346/tools/bin/../lib/gcc/arm-none-eabi/9.3.1/thumb/v7e-m+fp/hard/crti.o
                0x0000000008002458                _init
 .init          0x000000000800245c        0x8 c:/st/stm32cubeide_1.7.0/stm32cubeide/plugins/com.st.stm32cube.ide.mcu.externaltools.gnu-tools-for-stm32.9-2020-q2-update.win32_2.0.0.202105311346/tools/bin/../lib/gcc/arm-none-eabi/9.3.1/thumb/v7e-m+fp/hard/crtn.o
 *(.fini)
 .fini          0x0000000008002464        0x4 c:/st/stm32cubeide_1.7.0/stm32cubeide/plugins/com.st.stm32cube.ide.mcu.externaltools.gnu-tools-for-stm32.9-2020-q2-update.win32_2.0.0.202105311346/tools/bin/../lib/gcc/arm-none-eabi/9.3.1/thumb/v7e-m+fp/hard/crti.o
                0x0000000008002464                _fini
 .fini          0x0000000008002468        0x8 c:/st/stm32cubeide_1.7.0/stm32cubeide/plugins/com.st.stm32cube.ide.mcu.externaltools.gnu-tools-for-stm32.9-2020-q2-update.win32_2.0.0.202105311346/tools/bin/../lib/gcc/arm-none-eabi/9.3.1/thumb/v7e-m+fp/hard/crtn.o
                0x0000000008002470                . = ALIGN (0x4)
                0x0000000008002470                _etext = .

.vfp11_veneer   0x0000000008002470        0x0
 .vfp11_veneer  0x0000000008002470        0x0 linker stubs

.v4_bx          0x0000000008002470        0x0
 .v4_bx         0x0000000008002470        0x0 linker stubs

.iplt           0x0000000008002470        0x0
 .iplt          0x0000000008002470        0x0 c:/st/stm32cubeide_1.7.0/stm32cubeide/plugins/com.st.stm32cube.ide.mcu.externaltools.gnu-tools-for-stm32.9-2020-q2-update.win32_2.0.0.202105311346/tools/bin/../lib/gcc/arm-none-eabi/9.3.1/thumb/v7e-m+fp/hard/crtbegin.o

.rodata         0x0000000008002470       0x78
                0x0000000008002470                . = ALIGN (0x4)
 *(.rodata)
 .rodata        0x0000000008002470       0x2b ./Core/Src/main.o
 *(.rodata*)
 *fill*         0x000000000800249b        0x1 
 .rodata.seven_seg_digits_decode_abcdefg
                0x000000000800249c       0x4b ./Core/Src/main.o
                0x000000000800249c                seven_seg_digits_decode_abcdefg
                0x00000000080024e8                . = ALIGN (0x4)
 *fill*         0x00000000080024e7        0x1 

.rel.dyn        0x00000000080024e8        0x0
 .rel.iplt      0x00000000080024e8        0x0 c:/st/stm32cubeide_1.7.0/stm32cubeide/plugins/com.st.stm32cube.ide.mcu.externaltools.gnu-tools-for-stm32.9-2020-q2-update.win32_2.0.0.202105311346/tools/bin/../lib/gcc/arm-none-eabi/9.3.1/thumb/v7e-m+fp/hard/crtbegin.o

.ARM.extab      0x00000000080024e8        0x0
                0x00000000080024e8                . = ALIGN (0x4)
 *(.ARM.extab* .gnu.linkonce.armextab.*)
                0x00000000080024e8                . = ALIGN (0x4)

.ARM            0x00000000080024e8        0x0
                0x00000000080024e8                . = ALIGN (0x4)
                0x00000000080024e8                __exidx_start = .
 *(.ARM.exidx*)
                0x00000000080024e8                __exidx_end = .
                0x00000000080024e8                . = ALIGN (0x4)

.preinit_array  0x00000000080024e8        0x0
                0x00000000080024e8                . = ALIGN (0x4)
                0x00000000080024e8                PROVIDE (__preinit_array_start = .)
 *(.preinit_array*)
                0x00000000080024e8                PROVIDE (__preinit_array_end = .)
                0x00000000080024e8                . = ALIGN (0x4)

.init_array     0x00000000080024e8        0x4
                0x00000000080024e8                . = ALIGN (0x4)
                0x00000000080024e8                PROVIDE (__init_array_start = .)
 *(SORT_BY_NAME(.init_array.*))
 *(.init_array*)
 .init_array    0x00000000080024e8        0x4 c:/st/stm32cubeide_1.7.0/stm32cubeide/plugins/com.st.stm32cube.ide.mcu.externaltools.gnu-tools-for-stm32.9-2020-q2-update.win32_2.0.0.202105311346/tools/bin/../lib/gcc/arm-none-eabi/9.3.1/thumb/v7e-m+fp/hard/crtbegin.o
                0x00000000080024ec                PROVIDE (__init_array_end = .)
                0x00000000080024ec                . = ALIGN (0x4)

.fini_array     0x00000000080024ec        0x4
                0x00000000080024ec                . = ALIGN (0x4)
                [!provide]                        PROVIDE (__fini_array_start = .)
 *(SORT_BY_NAME(.fini_array.*))
 *(.fini_array*)
 .fini_array    0x00000000080024ec        0x4 c:/st/stm32cubeide_1.7.0/stm32cubeide/plugins/com.st.stm32cube.ide.mcu.externaltools.gnu-tools-for-stm32.9-2020-q2-update.win32_2.0.0.202105311346/tools/bin/../lib/gcc/arm-none-eabi/9.3.1/thumb/v7e-m+fp/hard/crtbegin.o
                [!provide]                        PROVIDE (__fini_array_end = .)
                0x00000000080024f0                . = ALIGN (0x4)
                0x00000000080024f0                _sidata = LOADADDR (.data)

.data           0x0000000020000000        0x8 load address 0x00000000080024f0
                0x0000000020000000                . = ALIGN (0x4)
                0x0000000020000000                _sdata = .
 *(.data)
 *(.data*)
 .data.address  0x0000000020000000        0x1 ./Core/Src/LPS25HB.o
 *fill*         0x0000000020000001        0x3 
 .data.SystemCoreClock
                0x0000000020000004        0x4 ./Core/Src/system_stm32f3xx.o
                0x0000000020000004                SystemCoreClock
 *(.RamFunc)
 *(.RamFunc*)
                0x0000000020000008                . = ALIGN (0x4)
                0x0000000020000008                _edata = .
                0x00000000080024f8                _siccmram = LOADADDR (.ccmram)

.igot.plt       0x0000000020000008        0x0 load address 0x00000000080024f8
 .igot.plt      0x0000000020000008        0x0 c:/st/stm32cubeide_1.7.0/stm32cubeide/plugins/com.st.stm32cube.ide.mcu.externaltools.gnu-tools-for-stm32.9-2020-q2-update.win32_2.0.0.202105311346/tools/bin/../lib/gcc/arm-none-eabi/9.3.1/thumb/v7e-m+fp/hard/crtbegin.o

.ccmram         0x0000000010000000        0x0 load address 0x00000000080024f8
                0x0000000010000000                . = ALIGN (0x4)
                0x0000000010000000                _sccmram = .
 *(.ccmram)
 *(.ccmram*)
                0x0000000010000000                . = ALIGN (0x4)
                0x0000000010000000                _eccmram = .
                0x0000000010000000                . = ALIGN (0x4)

.bss            0x0000000020000008       0x48
                0x0000000020000008                _sbss = .
                0x0000000020000008                __bss_start__ = _sbss
 *(.bss)
 .bss           0x0000000020000008       0x1c c:/st/stm32cubeide_1.7.0/stm32cubeide/plugins/com.st.stm32cube.ide.mcu.externaltools.gnu-tools-for-stm32.9-2020-q2-update.win32_2.0.0.202105311346/tools/bin/../lib/gcc/arm-none-eabi/9.3.1/thumb/v7e-m+fp/hard/crtbegin.o
 *(.bss*)
 .bss.end_of_read_flag
                0x0000000020000024        0x1 ./Core/Src/i2c.o
                0x0000000020000024                end_of_read_flag
 .bss.ubReceiveIndex
                0x0000000020000025        0x1 ./Core/Src/i2c.o
                0x0000000020000025                ubReceiveIndex
 .bss.mode      0x0000000020000026        0x1 ./Core/Src/main.o
                0x0000000020000026                mode
 .bss.length_retazec
                0x0000000020000027        0x1 ./Core/Src/main.o
                0x0000000020000027                length_retazec
 .bss.tim2count
                0x0000000020000028        0x4 ./Core/Src/main.o
                0x0000000020000028                tim2count
 .bss.orientation
                0x000000002000002c        0x4 ./Core/Src/main.o
                0x000000002000002c                orientation
 .bss.digit     0x0000000020000030        0x4 ./Core/Src/main.o
                0x0000000020000030                digit
 .bss.textposition
                0x0000000020000034        0x4 ./Core/Src/main.o
                0x0000000020000034                textposition
 *(COMMON)
 COMMON         0x0000000020000038        0x4 ./Core/Src/i2c.o
                0x0000000020000038                aReceiveBuffer_read
 COMMON         0x000000002000003c       0x14 ./Core/Src/main.o
                0x000000002000003c                retazec
                0x0000000020000050                . = ALIGN (0x4)
                0x0000000020000050                _ebss = .
                0x0000000020000050                __bss_end__ = _ebss

._user_heap_stack
                0x0000000020000050      0x600
                0x0000000020000050                . = ALIGN (0x8)
                [!provide]                        PROVIDE (end = .)
                0x0000000020000050                PROVIDE (_end = .)
                0x0000000020000250                . = (. + _Min_Heap_Size)
 *fill*         0x0000000020000050      0x200 
                0x0000000020000650                . = (. + _Min_Stack_Size)
 *fill*         0x0000000020000250      0x400 
                0x0000000020000650                . = ALIGN (0x8)

/DISCARD/
 libc.a(*)
 libm.a(*)
 libgcc.a(*)

.ARM.attributes
                0x0000000000000000       0x30
 *(.ARM.attributes)
 .ARM.attributes
                0x0000000000000000       0x1e c:/st/stm32cubeide_1.7.0/stm32cubeide/plugins/com.st.stm32cube.ide.mcu.externaltools.gnu-tools-for-stm32.9-2020-q2-update.win32_2.0.0.202105311346/tools/bin/../lib/gcc/arm-none-eabi/9.3.1/thumb/v7e-m+fp/hard/crti.o
 .ARM.attributes
                0x000000000000001e       0x34 c:/st/stm32cubeide_1.7.0/stm32cubeide/plugins/com.st.stm32cube.ide.mcu.externaltools.gnu-tools-for-stm32.9-2020-q2-update.win32_2.0.0.202105311346/tools/bin/../lib/gcc/arm-none-eabi/9.3.1/thumb/v7e-m+fp/hard/crtbegin.o
 .ARM.attributes
                0x0000000000000052       0x34 ./Core/Src/LPS25HB.o
 .ARM.attributes
                0x0000000000000086       0x34 ./Core/Src/gpio.o
 .ARM.attributes
                0x00000000000000ba       0x34 ./Core/Src/i2c.o
 .ARM.attributes
                0x00000000000000ee       0x34 ./Core/Src/main.o
 .ARM.attributes
                0x0000000000000122       0x34 ./Core/Src/stm32f3xx_it.o
 .ARM.attributes
                0x0000000000000156       0x34 ./Core/Src/system_stm32f3xx.o
 .ARM.attributes
                0x000000000000018a       0x34 ./Core/Src/tim.o
 .ARM.attributes
                0x00000000000001be       0x21 ./Core/Startup/startup_stm32f303k8tx.o
 .ARM.attributes
                0x00000000000001df       0x34 ./Drivers/STM32F3xx_HAL_Driver/Src/stm32f3xx_ll_exti.o
 .ARM.attributes
                0x0000000000000213       0x34 ./Drivers/STM32F3xx_HAL_Driver/Src/stm32f3xx_ll_gpio.o
 .ARM.attributes
                0x0000000000000247       0x34 ./Drivers/STM32F3xx_HAL_Driver/Src/stm32f3xx_ll_i2c.o
 .ARM.attributes
                0x000000000000027b       0x34 ./Drivers/STM32F3xx_HAL_Driver/Src/stm32f3xx_ll_tim.o
 .ARM.attributes
                0x00000000000002af       0x34 ./Drivers/STM32F3xx_HAL_Driver/Src/stm32f3xx_ll_utils.o
 .ARM.attributes
                0x00000000000002e3       0x34 c:/st/stm32cubeide_1.7.0/stm32cubeide/plugins/com.st.stm32cube.ide.mcu.externaltools.gnu-tools-for-stm32.9-2020-q2-update.win32_2.0.0.202105311346/tools/bin/../lib/gcc/arm-none-eabi/9.3.1/../../../../arm-none-eabi/lib/thumb/v7e-m+fp/hard\libc_nano.a(lib_a-init.o)
 .ARM.attributes
                0x0000000000000317       0x17 c:/st/stm32cubeide_1.7.0/stm32cubeide/plugins/com.st.stm32cube.ide.mcu.externaltools.gnu-tools-for-stm32.9-2020-q2-update.win32_2.0.0.202105311346/tools/bin/../lib/gcc/arm-none-eabi/9.3.1/../../../../arm-none-eabi/lib/thumb/v7e-m+fp/hard\libc_nano.a(lib_a-strlen.o)
 .ARM.attributes
                0x000000000000032e       0x1e c:/st/stm32cubeide_1.7.0/stm32cubeide/plugins/com.st.stm32cube.ide.mcu.externaltools.gnu-tools-for-stm32.9-2020-q2-update.win32_2.0.0.202105311346/tools/bin/../lib/gcc/arm-none-eabi/9.3.1/thumb/v7e-m+fp/hard/crtn.o
OUTPUT(vrs_zadanie8.elf elf32-littlearm)
LOAD linker stubs
LOAD c:/st/stm32cubeide_1.7.0/stm32cubeide/plugins/com.st.stm32cube.ide.mcu.externaltools.gnu-tools-for-stm32.9-2020-q2-update.win32_2.0.0.202105311346/tools/bin/../lib/gcc/arm-none-eabi/9.3.1/../../../../arm-none-eabi/lib/thumb/v7e-m+fp/hard\libc.a
LOAD c:/st/stm32cubeide_1.7.0/stm32cubeide/plugins/com.st.stm32cube.ide.mcu.externaltools.gnu-tools-for-stm32.9-2020-q2-update.win32_2.0.0.202105311346/tools/bin/../lib/gcc/arm-none-eabi/9.3.1/../../../../arm-none-eabi/lib/thumb/v7e-m+fp/hard\libm.a
LOAD c:/st/stm32cubeide_1.7.0/stm32cubeide/plugins/com.st.stm32cube.ide.mcu.externaltools.gnu-tools-for-stm32.9-2020-q2-update.win32_2.0.0.202105311346/tools/bin/../lib/gcc/arm-none-eabi/9.3.1/thumb/v7e-m+fp/hard\libgcc.a

.debug_info     0x0000000000000000     0x7f3b
 .debug_info    0x0000000000000000      0xbfa ./Core/Src/LPS25HB.o
 .debug_info    0x0000000000000bfa      0xcca ./Core/Src/gpio.o
 .debug_info    0x00000000000018c4      0xe92 ./Core/Src/i2c.o
 .debug_info    0x0000000000002756     0x19f2 ./Core/Src/main.o
 .debug_info    0x0000000000004148      0x255 ./Core/Src/stm32f3xx_it.o
 .debug_info    0x000000000000439d      0x439 ./Core/Src/system_stm32f3xx.o
 .debug_info    0x00000000000047d6      0xab2 ./Core/Src/tim.o
 .debug_info    0x0000000000005288       0x22 ./Core/Startup/startup_stm32f303k8tx.o
 .debug_info    0x00000000000052aa      0x59b ./Drivers/STM32F3xx_HAL_Driver/Src/stm32f3xx_ll_exti.o
 .debug_info    0x0000000000005845      0x7ce ./Drivers/STM32F3xx_HAL_Driver/Src/stm32f3xx_ll_gpio.o
 .debug_info    0x0000000000006013      0x601 ./Drivers/STM32F3xx_HAL_Driver/Src/stm32f3xx_ll_i2c.o
 .debug_info    0x0000000000006614     0x1092 ./Drivers/STM32F3xx_HAL_Driver/Src/stm32f3xx_ll_tim.o
 .debug_info    0x00000000000076a6      0x895 ./Drivers/STM32F3xx_HAL_Driver/Src/stm32f3xx_ll_utils.o

.debug_abbrev   0x0000000000000000     0x192a
 .debug_abbrev  0x0000000000000000      0x22f ./Core/Src/LPS25HB.o
 .debug_abbrev  0x000000000000022f      0x272 ./Core/Src/gpio.o
 .debug_abbrev  0x00000000000004a1      0x256 ./Core/Src/i2c.o
 .debug_abbrev  0x00000000000006f7      0x3d2 ./Core/Src/main.o
 .debug_abbrev  0x0000000000000ac9       0xad ./Core/Src/stm32f3xx_it.o
 .debug_abbrev  0x0000000000000b76      0x129 ./Core/Src/system_stm32f3xx.o
 .debug_abbrev  0x0000000000000c9f      0x1e9 ./Core/Src/tim.o
 .debug_abbrev  0x0000000000000e88       0x12 ./Core/Startup/startup_stm32f303k8tx.o
 .debug_abbrev  0x0000000000000e9a      0x1c2 ./Drivers/STM32F3xx_HAL_Driver/Src/stm32f3xx_ll_exti.o
 .debug_abbrev  0x000000000000105c      0x23b ./Drivers/STM32F3xx_HAL_Driver/Src/stm32f3xx_ll_gpio.o
 .debug_abbrev  0x0000000000001297      0x1a6 ./Drivers/STM32F3xx_HAL_Driver/Src/stm32f3xx_ll_i2c.o
 .debug_abbrev  0x000000000000143d      0x22b ./Drivers/STM32F3xx_HAL_Driver/Src/stm32f3xx_ll_tim.o
 .debug_abbrev  0x0000000000001668      0x2c2 ./Drivers/STM32F3xx_HAL_Driver/Src/stm32f3xx_ll_utils.o

.debug_aranges  0x0000000000000000      0x7b0
 .debug_aranges
                0x0000000000000000       0x40 ./Core/Src/LPS25HB.o
 .debug_aranges
                0x0000000000000040       0x68 ./Core/Src/gpio.o
 .debug_aranges
                0x00000000000000a8       0xe0 ./Core/Src/i2c.o
 .debug_aranges
                0x0000000000000188      0x130 ./Core/Src/main.o
 .debug_aranges
                0x00000000000002b8       0x60 ./Core/Src/stm32f3xx_it.o
 .debug_aranges
                0x0000000000000318       0x28 ./Core/Src/system_stm32f3xx.o
 .debug_aranges
                0x0000000000000340       0x68 ./Core/Src/tim.o
 .debug_aranges
                0x00000000000003a8       0x28 ./Core/Startup/startup_stm32f303k8tx.o
 .debug_aranges
                0x00000000000003d0       0xb0 ./Drivers/STM32F3xx_HAL_Driver/Src/stm32f3xx_ll_exti.o
 .debug_aranges
                0x0000000000000480       0x70 ./Drivers/STM32F3xx_HAL_Driver/Src/stm32f3xx_ll_gpio.o
 .debug_aranges
                0x00000000000004f0       0x88 ./Drivers/STM32F3xx_HAL_Driver/Src/stm32f3xx_ll_i2c.o
 .debug_aranges
                0x0000000000000578      0x148 ./Drivers/STM32F3xx_HAL_Driver/Src/stm32f3xx_ll_tim.o
 .debug_aranges
                0x00000000000006c0       0xf0 ./Drivers/STM32F3xx_HAL_Driver/Src/stm32f3xx_ll_utils.o

.debug_ranges   0x0000000000000000      0x6e8
 .debug_ranges  0x0000000000000000       0x30 ./Core/Src/LPS25HB.o
 .debug_ranges  0x0000000000000030       0x58 ./Core/Src/gpio.o
 .debug_ranges  0x0000000000000088       0xd0 ./Core/Src/i2c.o
 .debug_ranges  0x0000000000000158      0x120 ./Core/Src/main.o
 .debug_ranges  0x0000000000000278       0x50 ./Core/Src/stm32f3xx_it.o
 .debug_ranges  0x00000000000002c8       0x18 ./Core/Src/system_stm32f3xx.o
 .debug_ranges  0x00000000000002e0       0x58 ./Core/Src/tim.o
 .debug_ranges  0x0000000000000338       0x20 ./Core/Startup/startup_stm32f303k8tx.o
 .debug_ranges  0x0000000000000358       0xa0 ./Drivers/STM32F3xx_HAL_Driver/Src/stm32f3xx_ll_exti.o
 .debug_ranges  0x00000000000003f8       0x60 ./Drivers/STM32F3xx_HAL_Driver/Src/stm32f3xx_ll_gpio.o
 .debug_ranges  0x0000000000000458       0x78 ./Drivers/STM32F3xx_HAL_Driver/Src/stm32f3xx_ll_i2c.o
 .debug_ranges  0x00000000000004d0      0x138 ./Drivers/STM32F3xx_HAL_Driver/Src/stm32f3xx_ll_tim.o
 .debug_ranges  0x0000000000000608       0xe0 ./Drivers/STM32F3xx_HAL_Driver/Src/stm32f3xx_ll_utils.o

.debug_macro    0x0000000000000000     0x2497
 .debug_macro   0x0000000000000000      0x1fe ./Core/Src/LPS25HB.o
 .debug_macro   0x00000000000001fe       0x34 ./Core/Src/LPS25HB.o
 .debug_macro   0x0000000000000232       0x52 ./Core/Src/LPS25HB.o
 .debug_macro   0x0000000000000284       0x18 ./Core/Src/LPS25HB.o
 .debug_macro   0x000000000000029c       0x3c ./Core/Src/LPS25HB.o
 .debug_macro   0x00000000000002d8       0x34 ./Core/Src/LPS25HB.o
 .debug_macro   0x000000000000030c      0x174 ./Core/Src/LPS25HB.o
 .debug_macro   0x0000000000000480       0x16 ./Core/Src/LPS25HB.o
 .debug_macro   0x0000000000000496       0x43 ./Core/Src/LPS25HB.o
 .debug_macro   0x00000000000004d9       0x34 ./Core/Src/LPS25HB.o
 .debug_macro   0x000000000000050d       0x10 ./Core/Src/LPS25HB.o
 .debug_macro   0x000000000000051d       0x58 ./Core/Src/LPS25HB.o
 .debug_macro   0x0000000000000575       0x71 ./Core/Src/LPS25HB.o
 .debug_macro   0x00000000000005e6       0x1c ./Core/Src/LPS25HB.o
 .debug_macro   0x0000000000000602      0x12a ./Core/Src/LPS25HB.o
 .debug_macro   0x000000000000072c      0x333 ./Core/Src/LPS25HB.o
 .debug_macro   0x0000000000000a5f      0x1a9 ./Core/Src/LPS25HB.o
 .debug_macro   0x0000000000000c08      0x13f ./Core/Src/gpio.o
 .debug_macro   0x0000000000000d47      0x13f ./Core/Src/i2c.o
 .debug_macro   0x0000000000000e86      0x246 ./Core/Src/main.o
 .debug_macro   0x00000000000010cc       0x10 ./Core/Src/main.o
 .debug_macro   0x00000000000010dc       0x35 ./Core/Src/main.o
 .debug_macro   0x0000000000001111       0x20 ./Core/Src/main.o
 .debug_macro   0x0000000000001131       0x34 ./Core/Src/main.o
 .debug_macro   0x0000000000001165       0x3a ./Core/Src/main.o
 .debug_macro   0x000000000000119f      0x13f ./Core/Src/stm32f3xx_it.o
 .debug_macro   0x00000000000012de       0xbd ./Core/Src/system_stm32f3xx.o
 .debug_macro   0x000000000000139b      0x13f ./Core/Src/tim.o
 .debug_macro   0x00000000000014da       0xea ./Drivers/STM32F3xx_HAL_Driver/Src/stm32f3xx_ll_exti.o
 .debug_macro   0x00000000000015c4       0xf8 ./Drivers/STM32F3xx_HAL_Driver/Src/stm32f3xx_ll_exti.o
 .debug_macro   0x00000000000016bc       0xff ./Drivers/STM32F3xx_HAL_Driver/Src/stm32f3xx_ll_gpio.o
 .debug_macro   0x00000000000017bb      0x13c ./Drivers/STM32F3xx_HAL_Driver/Src/stm32f3xx_ll_gpio.o
 .debug_macro   0x00000000000018f7       0xff ./Drivers/STM32F3xx_HAL_Driver/Src/stm32f3xx_ll_i2c.o
 .debug_macro   0x00000000000019f6      0x169 ./Drivers/STM32F3xx_HAL_Driver/Src/stm32f3xx_ll_tim.o
 .debug_macro   0x0000000000001b5f      0x7fd ./Drivers/STM32F3xx_HAL_Driver/Src/stm32f3xx_ll_tim.o
 .debug_macro   0x000000000000235c      0x13b ./Drivers/STM32F3xx_HAL_Driver/Src/stm32f3xx_ll_utils.o

.debug_line     0x0000000000000000     0x61a6
 .debug_line    0x0000000000000000      0x78f ./Core/Src/LPS25HB.o
 .debug_line    0x000000000000078f      0x799 ./Core/Src/gpio.o
 .debug_line    0x0000000000000f28      0x990 ./Core/Src/i2c.o
 .debug_line    0x00000000000018b8      0xd22 ./Core/Src/main.o
 .debug_line    0x00000000000025da      0x64b ./Core/Src/stm32f3xx_it.o
 .debug_line    0x0000000000002c25      0x4d8 ./Core/Src/system_stm32f3xx.o
 .debug_line    0x00000000000030fd      0x704 ./Core/Src/tim.o
 .debug_line    0x0000000000003801       0x88 ./Core/Startup/startup_stm32f303k8tx.o
 .debug_line    0x0000000000003889      0x703 ./Drivers/STM32F3xx_HAL_Driver/Src/stm32f3xx_ll_exti.o
 .debug_line    0x0000000000003f8c      0x73a ./Drivers/STM32F3xx_HAL_Driver/Src/stm32f3xx_ll_gpio.o
 .debug_line    0x00000000000046c6      0x62c ./Drivers/STM32F3xx_HAL_Driver/Src/stm32f3xx_ll_i2c.o
 .debug_line    0x0000000000004cf2      0xba1 ./Drivers/STM32F3xx_HAL_Driver/Src/stm32f3xx_ll_tim.o
 .debug_line    0x0000000000005893      0x913 ./Drivers/STM32F3xx_HAL_Driver/Src/stm32f3xx_ll_utils.o

.debug_str      0x0000000000000000    0x796cf
 .debug_str     0x0000000000000000    0x74ee9 ./Core/Src/LPS25HB.o
                                      0x751de (size before relaxing)
 .debug_str     0x0000000000074ee9      0x5c6 ./Core/Src/gpio.o
                                      0x719c4 (size before relaxing)
 .debug_str     0x00000000000754af      0x2f8 ./Core/Src/i2c.o
                                      0x71b6f (size before relaxing)
 .debug_str     0x00000000000757a7      0x566 ./Core/Src/main.o
                                      0x753ab (size before relaxing)
 .debug_str     0x0000000000075d0d       0xbd ./Core/Src/stm32f3xx_it.o
                                      0x71393 (size before relaxing)
 .debug_str     0x0000000000075dca       0x5f ./Core/Src/system_stm32f3xx.o
                                      0x656fc (size before relaxing)
 .debug_str     0x0000000000075e29       0xeb ./Core/Src/tim.o
                                      0x71937 (size before relaxing)
 .debug_str     0x0000000000075f14       0x36 ./Core/Startup/startup_stm32f303k8tx.o
                                         0x5d (size before relaxing)
 .debug_str     0x0000000000075f4a      0x479 ./Drivers/STM32F3xx_HAL_Driver/Src/stm32f3xx_ll_exti.o
                                      0x66030 (size before relaxing)
 .debug_str     0x00000000000763c3      0x600 ./Drivers/STM32F3xx_HAL_Driver/Src/stm32f3xx_ll_gpio.o
                                      0x66a5f (size before relaxing)
 .debug_str     0x00000000000769c3      0x3ed ./Drivers/STM32F3xx_HAL_Driver/Src/stm32f3xx_ll_i2c.o
                                      0x670c1 (size before relaxing)
 .debug_str     0x0000000000076db0     0x1c0c ./Drivers/STM32F3xx_HAL_Driver/Src/stm32f3xx_ll_tim.o
                                      0x6b9af (size before relaxing)
 .debug_str     0x00000000000789bc      0xd13 ./Drivers/STM32F3xx_HAL_Driver/Src/stm32f3xx_ll_utils.o
                                      0x6a731 (size before relaxing)

.comment        0x0000000000000000       0x53
 .comment       0x0000000000000000       0x53 ./Core/Src/LPS25HB.o
                                         0x54 (size before relaxing)
 .comment       0x0000000000000053       0x54 ./Core/Src/gpio.o
 .comment       0x0000000000000053       0x54 ./Core/Src/i2c.o
 .comment       0x0000000000000053       0x54 ./Core/Src/main.o
 .comment       0x0000000000000053       0x54 ./Core/Src/stm32f3xx_it.o
 .comment       0x0000000000000053       0x54 ./Core/Src/system_stm32f3xx.o
 .comment       0x0000000000000053       0x54 ./Core/Src/tim.o
 .comment       0x0000000000000053       0x54 ./Drivers/STM32F3xx_HAL_Driver/Src/stm32f3xx_ll_exti.o
 .comment       0x0000000000000053       0x54 ./Drivers/STM32F3xx_HAL_Driver/Src/stm32f3xx_ll_gpio.o
 .comment       0x0000000000000053       0x54 ./Drivers/STM32F3xx_HAL_Driver/Src/stm32f3xx_ll_i2c.o
 .comment       0x0000000000000053       0x54 ./Drivers/STM32F3xx_HAL_Driver/Src/stm32f3xx_ll_tim.o
 .comment       0x0000000000000053       0x54 ./Drivers/STM32F3xx_HAL_Driver/Src/stm32f3xx_ll_utils.o

.debug_frame    0x0000000000000000     0x1f04
 .debug_frame   0x0000000000000000       0xc4 ./Core/Src/LPS25HB.o
 .debug_frame   0x00000000000000c4      0x194 ./Core/Src/gpio.o
 .debug_frame   0x0000000000000258      0x3e4 ./Core/Src/i2c.o
 .debug_frame   0x000000000000063c      0x508 ./Core/Src/main.o
 .debug_frame   0x0000000000000b44      0x108 ./Core/Src/stm32f3xx_it.o
 .debug_frame   0x0000000000000c4c       0x58 ./Core/Src/system_stm32f3xx.o
 .debug_frame   0x0000000000000ca4      0x194 ./Core/Src/tim.o
 .debug_frame   0x0000000000000e38      0x2fc ./Drivers/STM32F3xx_HAL_Driver/Src/stm32f3xx_ll_exti.o
 .debug_frame   0x0000000000001134      0x1c0 ./Drivers/STM32F3xx_HAL_Driver/Src/stm32f3xx_ll_gpio.o
 .debug_frame   0x00000000000012f4      0x238 ./Drivers/STM32F3xx_HAL_Driver/Src/stm32f3xx_ll_i2c.o
 .debug_frame   0x000000000000152c      0x5d0 ./Drivers/STM32F3xx_HAL_Driver/Src/stm32f3xx_ll_tim.o
 .debug_frame   0x0000000000001afc      0x3dc ./Drivers/STM32F3xx_HAL_Driver/Src/stm32f3xx_ll_utils.o
 .debug_frame   0x0000000000001ed8       0x2c c:/st/stm32cubeide_1.7.0/stm32cubeide/plugins/com.st.stm32cube.ide.mcu.externaltools.gnu-tools-for-stm32.9-2020-q2-update.win32_2.0.0.202105311346/tools/bin/../lib/gcc/arm-none-eabi/9.3.1/../../../../arm-none-eabi/lib/thumb/v7e-m+fp/hard\libc_nano.a(lib_a-init.o)
