core_cm4.h:1657:22:__NVIC_SetPriorityGrouping	24	static
core_cm4.h:1676:26:__NVIC_GetPriorityGrouping	4	static
core_cm4.h:1688:22:__NVIC_EnableIRQ	16	static
core_cm4.h:1816:22:__NVIC_SetPriority	16	static
core_cm4.h:1863:26:NVIC_EncodePriority	40	static
stm32f3xx_ll_rcc.h:1086:22:LL_RCC_HSI_Enable	4	static
stm32f3xx_ll_rcc.h:1106:26:LL_RCC_HSI_IsReady	4	static
stm32f3xx_ll_rcc.h:1132:22:LL_RCC_HSI_SetCalibTrimming	16	static
stm32f3xx_ll_rcc.h:1290:22:LL_RCC_SetSysClkSource	16	static
stm32f3xx_ll_rcc.h:1303:26:LL_RCC_GetSysClkSource	4	static
stm32f3xx_ll_rcc.h:1323:22:LL_RCC_SetAHBPrescaler	16	static
stm32f3xx_ll_rcc.h:1339:22:LL_RCC_SetAPB1Prescaler	16	static
stm32f3xx_ll_rcc.h:1355:22:LL_RCC_SetAPB2Prescaler	16	static
stm32f3xx_ll_bus.h:287:22:LL_AHB1_GRP1_EnableClock	24	static
stm32f3xx_ll_bus.h:537:22:LL_APB1_GRP1_EnableClock	24	static
stm32f3xx_ll_bus.h:851:22:LL_APB2_GRP1_EnableClock	24	static
stm32f3xx_ll_system.h:1618:22:LL_FLASH_SetLatency	16	static
stm32f3xx_ll_system.h:1631:26:LL_FLASH_GetLatency	4	static
stm32f3xx_ll_tim.h:1416:22:LL_TIM_EnableCounter	16	static
stm32f3xx_ll_tim.h:1607:22:LL_TIM_DisableARRPreload	16	static
stm32f3xx_ll_tim.h:3373:22:LL_TIM_SetClockSource	16	static
stm32f3xx_ll_tim.h:3419:22:LL_TIM_SetTriggerOutput	16	static
stm32f3xx_ll_tim.h:3519:22:LL_TIM_DisableMasterSlaveMode	16	static
stm32f3xx_ll_tim.h:4074:22:LL_TIM_ClearFlag_UPDATE	16	static
stm32f3xx_ll_tim.h:4085:26:LL_TIM_IsActiveFlag_UPDATE	16	static
stm32f3xx_ll_tim.h:4421:22:LL_TIM_EnableIT_UPDATE	16	static
stm32f3xx_ll_gpio.h:879:22:LL_GPIO_SetOutputPin	16	static
stm32f3xx_ll_gpio.h:908:22:LL_GPIO_ResetOutputPin	16	static
main.c:99:6:resetSegments	8	static
main.c:112:6:resetDigits	8	static
main.c:125:15:decode_7seg	16	static
main.c:135:6:display_symbol	24	static
main.c:223:5:main	24	static
main.c:295:6:SystemClock_Config	8	static
main.c:328:13:MX_TIM2_Init	32	static
main.c:367:13:MX_GPIO_Init	32	static
main.c:404:6:updateDisplay	16	static
main.c:426:6:TIM2_IRQHandler	8	static
main.c:441:6:Error_Handler	4	static,ignoring_inline_asm
